<html>
<body>
<pre>
<h1>µVision Build Log</h1>
<h2>Tool Versions:</h2>
IDE-Version: ¦ÌVision V5.25.2.0
Copyright (C) 2018 ARM Ltd and ARM Germany GmbH. All rights reserved.
License Information: 554 ERTER, TRETETE, LIC=IK1BF-6XDW1-12ZLE-5Q7WF-N30T0-4XMNY
 
Tool Versions:
Toolchain:       MDK-ARM Plus  Version: 5.25.2.0
Toolchain Path:  D:\Keil_v5\ARM\ARMCC\Bin
C Compiler:      Armcc.exe V5.06 update 6 (build 750)
Assembler:       Armasm.exe V5.06 update 6 (build 750)
Linker/Locator:  ArmLink.exe V5.06 update 6 (build 750)
Library Manager: ArmAr.exe V5.06 update 6 (build 750)
Hex Converter:   FromElf.exe V5.06 update 6 (build 750)
CPU DLL:         SARMCM3.DLL V5.25.2.0
Dialog DLL:      DCM.DLL V1.17.1.0
Target DLL:      CMSIS_AGDI.dll V1.29.10.0
Dialog DLL:      TCM.DLL V1.35.1.0
 
<h2>Project:</h2>
E:\BaiduNetdiskDownload\workspace\stdcan_base-526\MDK-ARM\stdcan_base.uvprojx
Project File Date:  05/23/2025

<h2>Output:</h2>
*** Using Compiler 'V5.06 update 6 (build 750)', folder: 'D:\Keil_v5\ARM\ARMCC\Bin'
Rebuild target 'stdcan_base'
assembling startup_stm32f407xx.s...
compiling gpio.c...
compiling can.c...
compiling usart.c...
compiling main.c...
..\CANopenNode_STM32\CO_app_STM32.h(64): warning:  #1295-D: Deprecated declaration canopen_app_resetCommunication - give arg types
  int canopen_app_resetCommunication();
..\CANopenNode_STM32\CO_app_STM32.h(66): warning:  #1295-D: Deprecated declaration canopen_app_process - give arg types
  void canopen_app_process();
../Core/Src/main.c: 2 warnings, 0 errors
compiling tim.c...
compiling stm32f4xx_hal_timebase_tim.c...
compiling stm32f4xx_hal_msp.c...
compiling stm32f4xx_it.c...
compiling stm32f4xx_hal_rcc_ex.c...
compiling stm32f4xx_hal_rcc.c...
compiling stm32f4xx_hal_can.c...
compiling stm32f4xx_hal_flash.c...
compiling stm32f4xx_hal_flash_ramfunc.c...
compiling stm32f4xx_hal_flash_ex.c...
compiling stm32f4xx_hal_gpio.c...
compiling stm32f4xx_hal_dma_ex.c...
compiling stm32f4xx_hal_pwr.c...
compiling stm32f4xx_hal_dma.c...
compiling stm32f4xx_hal.c...
compiling stm32f4xx_hal_cortex.c...
compiling stm32f4xx_hal_exti.c...
compiling stm32f4xx_hal_pwr_ex.c...
compiling stm32f4xx_hal_tim_ex.c...
compiling system_stm32f4xx.c...
compiling CO_Emergency.c...
compiling CO_fifo.c...
compiling stm32f4xx_hal_uart.c...
compiling CO_NMT_Heartbeat.c...
compiling CO_HBconsumer.c...
compiling CO_ODinterface.c...
compiling stm32f4xx_hal_tim.c...
compiling CO_SDOclient.c...
compiling CO_SDOserver.c...
compiling CO_PDO.c...
compiling CO_SYNC.c...
compiling CO_TIME.c...
compiling crc16-ccitt.c...
compiling CO_LEDs.c...
compiling CO_GFC.c...
compiling CO_SRDO.c...
compiling CO_LSSslave.c...
compiling CO_LSSmaster.c...
compiling CO_gateway_ascii.c...
compiling CO_storage.c...
compiling CO_trace.c...
compiling CO_storageEeprom.c...
compiling CANopen.c...
compiling CO_app_STM32.c...
..\CANopenNode_STM32\CO_app_STM32.h(64): warning:  #1295-D: Deprecated declaration canopen_app_resetCommunication - give arg types
  int canopen_app_resetCommunication();
..\CANopenNode_STM32\CO_app_STM32.h(66): warning:  #1295-D: Deprecated declaration canopen_app_process - give arg types
  void canopen_app_process();
..\CANopenNode_STM32\CO_app_STM32.c(150): warning:  #188-D: enumerated type mixed with another type
                           NMT_CONTROL,          /* CO_NMT_control_t */
..\CANopenNode_STM32\CO_app_STM32.c: 3 warnings, 0 errors
compiling CO_storageBlank.c...
compiling user_lib.c...
compiling modbus_msg.c...
compiling OD.c...
compiling CO_driver_STM32.c...
..\CANopenNode_STM32\CO_app_STM32.h(64): warning:  #1295-D: Deprecated declaration canopen_app_resetCommunication - give arg types
  int canopen_app_resetCommunication();
..\CANopenNode_STM32\CO_app_STM32.h(66): warning:  #1295-D: Deprecated declaration canopen_app_process - give arg types
  void canopen_app_process();
..\CANopenNode_STM32\CO_driver_STM32.c(400): warning:  #177-D: variable "rxErrors"  was declared but never referenced
  static uint16_t rxErrors = 0, txErrors = 0, overflow = 0;
..\CANopenNode_STM32\CO_driver_STM32.c(400): warning:  #177-D: variable "txErrors"  was declared but never referenced
  static uint16_t rxErrors = 0, txErrors = 0, overflow = 0;
..\CANopenNode_STM32\CO_driver_STM32.c(400): warning:  #177-D: variable "overflow"  was declared but never referenced
  static uint16_t rxErrors = 0, txErrors = 0, overflow = 0;
..\CANopenNode_STM32\CO_driver_STM32.c: 5 warnings, 0 errors
compiling JAWD_SPEED.c...
..\CANopenNode_STM32\CO_app_STM32.h(64): warning:  #1295-D: Deprecated declaration canopen_app_resetCommunication - give arg types
  int canopen_app_resetCommunication();
..\CANopenNode_STM32\CO_app_STM32.h(66): warning:  #1295-D: Deprecated declaration canopen_app_process - give arg types
  void canopen_app_process();
..\Drivers\BSP\JAWD\JAWD_SPEED.c: 2 warnings, 0 errors
compiling key.c...
compiling modbus_tim.c...
compiling canopen_operate.c...
..\CANopenNode_STM32\CO_app_STM32.h(64): warning:  #1295-D: Deprecated declaration canopen_app_resetCommunication - give arg types
  int canopen_app_resetCommunication();
..\CANopenNode_STM32\CO_app_STM32.h(66): warning:  #1295-D: Deprecated declaration canopen_app_process - give arg types
  void canopen_app_process();
..\Drivers\BSP\JAWD\canopen_operate.c(65): warning:  #188-D: enumerated type mixed with another type
          return -1;
..\Drivers\BSP\JAWD\canopen_operate.c(65): warning:  #68-D: integer conversion resulted in a change of sign
          return -1;
..\Drivers\BSP\JAWD\canopen_operate.c(72): warning:  #188-D: enumerated type mixed with another type
          return -1;
..\Drivers\BSP\JAWD\canopen_operate.c(72): warning:  #68-D: integer conversion resulted in a change of sign
          return -1;
..\Drivers\BSP\JAWD\canopen_operate.c: 6 warnings, 0 errors
compiling modbus_usart.c...
compiling modbus_slave.c...
..\Drivers\BSP\JAWD\modbus_slave.c(361): warning:  #186-D: pointless comparison of unsigned integer with zero
  	if ((reg >= REG_D00) && (num > 0) && (reg + num <= REG_DXX + 1))
..\Drivers\BSP\JAWD\modbus_slave.c: 1 warning, 0 errors
compiling EventRecorder.c...
linking...
Program Size: Code=42336 RO-data=2860 RW-data=1068 ZI-data=28732  
FromELF: creating hex file...
"stdcan_base\stdcan_base.axf" - 0 Error(s), 19 Warning(s).

<h2>Software Packages used:</h2>

Package Vendor: ARM
                http://www.keil.com/pack/ARM.CMSIS.5.3.0.pack
                ARM.CMSIS.5.3.0
                CMSIS (Cortex Microcontroller Software Interface Standard)
   * Component: CORE Version: 5.1.1

Package Vendor: Keil
                http://www.keil.com/pack/Keil.ARM_Compiler.1.4.0.pack
                Keil.ARM_Compiler.1.4.0
                Keil ARM Compiler extensions for ARM Compiler 5 and ARM Compiler 6
   * Component: Event Recorder Variant: DAP Version: 1.4.0

Package Vendor: Keil
                http://www.keil.com/pack/Keil.STM32F4xx_DFP.2.13.0.pack
                Keil.STM32F4xx_DFP.2.13.0
                STMicroelectronics STM32F4 Series Device Support, Drivers and Examples

<h2>Collection of Component include folders:</h2>
  .\RTE\Compiler
  .\RTE\_stdcan_base
  D:\Keil_v5\PACK\ARM\CMSIS\5.3.0\CMSIS\Include
  D:\Keil_v5\PACK\Keil\ARM_Compiler\1.4.0\Include
  D:\Keil_v5\PACK\Keil\STM32F4xx_DFP\2.13.0\Drivers\CMSIS\Device\ST\STM32F4xx\Include

<h2>Collection of Component Files used:</h2>

   * Component: ARM::CMSIS:CORE:5.1.1

   * Component: Keil.ARM Compiler::Compiler:Event Recorder:DAP:1.4.0
      Include file:  Include\EventRecorder.h
      Include file:  Config\EventRecorderConf.h
      Source file:   Source\EventRecorder.c
Build Time Elapsed:  00:00:03
</pre>
</body>
</html>
