Component: ARM Compiler 5.06 update 6 (build 750) Tool: armlink [4d35ed]

==============================================================================

Section Cross References

    startup_stm32f407xx.o(RESET) refers to startup_stm32f407xx.o(STACK) for __initial_sp
    startup_stm32f407xx.o(RESET) refers to startup_stm32f407xx.o(.text) for Reset_Handler
    startup_stm32f407xx.o(RESET) refers to stm32f4xx_it.o(i.NMI_Handler) for NMI_Handler
    startup_stm32f407xx.o(RESET) refers to stm32f4xx_it.o(i.HardFault_Handler) for HardFault_Handler
    startup_stm32f407xx.o(RESET) refers to stm32f4xx_it.o(i.MemManage_Handler) for MemManage_Handler
    startup_stm32f407xx.o(RESET) refers to stm32f4xx_it.o(i.BusFault_Handler) for BusFault_Handler
    startup_stm32f407xx.o(RESET) refers to stm32f4xx_it.o(i.UsageFault_Handler) for UsageFault_Handler
    startup_stm32f407xx.o(RESET) refers to stm32f4xx_it.o(i.SVC_Handler) for SVC_Handler
    startup_stm32f407xx.o(RESET) refers to stm32f4xx_it.o(i.DebugMon_Handler) for DebugMon_Handler
    startup_stm32f407xx.o(RESET) refers to stm32f4xx_it.o(i.PendSV_Handler) for PendSV_Handler
    startup_stm32f407xx.o(RESET) refers to stm32f4xx_it.o(i.SysTick_Handler) for SysTick_Handler
    startup_stm32f407xx.o(RESET) refers to stm32f4xx_it.o(i.CAN1_TX_IRQHandler) for CAN1_TX_IRQHandler
    startup_stm32f407xx.o(RESET) refers to stm32f4xx_it.o(i.CAN1_RX0_IRQHandler) for CAN1_RX0_IRQHandler
    startup_stm32f407xx.o(RESET) refers to stm32f4xx_it.o(i.CAN1_RX1_IRQHandler) for CAN1_RX1_IRQHandler
    startup_stm32f407xx.o(RESET) refers to stm32f4xx_it.o(i.EXTI9_5_IRQHandler) for EXTI9_5_IRQHandler
    startup_stm32f407xx.o(RESET) refers to modbus_tim.o(i.TIM2_IRQHandler) for TIM2_IRQHandler
    startup_stm32f407xx.o(RESET) refers to modbus_usart.o(i.USART3_IRQHandler) for USART3_IRQHandler
    startup_stm32f407xx.o(RESET) refers to stm32f4xx_it.o(i.EXTI15_10_IRQHandler) for EXTI15_10_IRQHandler
    startup_stm32f407xx.o(RESET) refers to stm32f4xx_it.o(i.UART4_IRQHandler) for UART4_IRQHandler
    startup_stm32f407xx.o(RESET) refers to stm32f4xx_it.o(i.TIM6_DAC_IRQHandler) for TIM6_DAC_IRQHandler
    startup_stm32f407xx.o(RESET) refers to stm32f4xx_it.o(i.TIM7_IRQHandler) for TIM7_IRQHandler
    startup_stm32f407xx.o(.text) refers to system_stm32f4xx.o(i.SystemInit) for SystemInit
    startup_stm32f407xx.o(.text) refers to entry.o(.ARM.Collect$$$$00000000) for __main
    main.o(i.HAL_TIM_PeriodElapsedCallback) refers to stm32f4xx_hal.o(i.HAL_IncTick) for HAL_IncTick
    main.o(i.HAL_TIM_PeriodElapsedCallback) refers to co_app_stm32.o(i.canopen_app_interrupt) for canopen_app_interrupt
    main.o(i.HAL_TIM_PeriodElapsedCallback) refers to co_app_stm32.o(.data) for canopenNodeSTM32
    main.o(i.SystemClock_Config) refers to memseta.o(.text) for __aeabi_memclr4
    main.o(i.SystemClock_Config) refers to stm32f4xx_hal_rcc.o(i.HAL_RCC_OscConfig) for HAL_RCC_OscConfig
    main.o(i.SystemClock_Config) refers to main.o(i.Error_Handler) for Error_Handler
    main.o(i.SystemClock_Config) refers to stm32f4xx_hal_rcc.o(i.HAL_RCC_ClockConfig) for HAL_RCC_ClockConfig
    main.o(i.main) refers to stm32f4xx_hal.o(i.HAL_Init) for HAL_Init
    main.o(i.main) refers to main.o(i.SystemClock_Config) for SystemClock_Config
    main.o(i.main) refers to gpio.o(i.MX_GPIO_Init) for MX_GPIO_Init
    main.o(i.main) refers to can.o(i.MX_CAN1_Init) for MX_CAN1_Init
    main.o(i.main) refers to usart.o(i.MX_UART4_Init) for MX_UART4_Init
    main.o(i.main) refers to tim.o(i.MX_TIM7_Init) for MX_TIM7_Init
    main.o(i.main) refers to modbus_tim.o(i.bsp_InitHardTimer) for bsp_InitHardTimer
    main.o(i.main) refers to modbus_usart.o(i.bsp_InitUart) for bsp_InitUart
    main.o(i.main) refers to eventrecorder.o(i.EventRecorderInitialize) for EventRecorderInitialize
    main.o(i.main) refers to eventrecorder.o(i.EventRecorderStart) for EventRecorderStart
    main.o(i.main) refers to co_app_stm32.o(i.canopen_app_init) for canopen_app_init
    main.o(i.main) refers to key.o(i.key_fifoinit) for key_fifoinit
    main.o(i.main) refers to co_app_stm32.o(i.canopen_app_process) for canopen_app_process
    main.o(i.main) refers to modbus_slave.o(i.MODS_Poll) for MODS_Poll
    main.o(i.main) refers to modbus_msg.o(i.bsp_GetMsg) for bsp_GetMsg
    main.o(i.main) refers to jawd_speed.o(i.motor_05h) for motor_05h
    main.o(i.main) refers to printf5.o(i.__0printf$5) for __2printf
    main.o(i.main) refers to jawd_speed.o(i.motorstart) for motorstart
    main.o(i.main) refers to jawd_speed.o(i.motorstop) for motorstop
    main.o(i.main) refers to key.o(i.bsp_GetKey) for bsp_GetKey
    main.o(i.main) refers to can.o(.bss) for hcan1
    main.o(i.main) refers to tim.o(.bss) for htim7
    main.o(i.main) refers to key.o(.bss) for s_tKey
    gpio.o(i.MX_GPIO_Init) refers to memseta.o(.text) for __aeabi_memclr4
    gpio.o(i.MX_GPIO_Init) refers to stm32f4xx_hal_gpio.o(i.HAL_GPIO_WritePin) for HAL_GPIO_WritePin
[...]
    txErrors                                 0x2000002a   Data           2  co_driver_stm32.o(.data)
    overflow                                 0x2000002c   Data           2  co_driver_stm32.o(.data)
    .data                                    0x20000030   Section      976  od.o(.data)
    ODList                                   0x2000025c   Data         408  od.o(.data)
    _OD                                      0x200003f4   Data           8  od.o(.data)
    .data                                    0x20000400   Section        8  jawd_speed.o(.data)
    .data                                    0x20000408   Section        1  canopen_operate.o(.data)
    .data                                    0x2000040c   Section       16  modbus_tim.o(.data)
    s_TIM_CallBack1                          0x2000040c   Data           4  modbus_tim.o(.data)
    s_TIM_CallBack2                          0x20000410   Data           4  modbus_tim.o(.data)
    s_TIM_CallBack3                          0x20000414   Data           4  modbus_tim.o(.data)
    s_TIM_CallBack4                          0x20000418   Data           4  modbus_tim.o(.data)
    .data                                    0x2000041c   Section        1  modbus_slave.o(.data)
    g_mods_timeout                           0x2000041c   Data           1  modbus_slave.o(.data)
    .data                                    0x20000420   Section        4  stdout.o(.data)
    .data                                    0x20000424   Section        4  mvars.o(.data)
    .data                                    0x20000428   Section        4  mvars.o(.data)
    .bss                                     0x2000042c   Section       40  can.o(.bss)
    .bss                                     0x20000454   Section       72  tim.o(.bss)
    .bss                                     0x2000049c   Section       68  usart.o(.bss)
    .bss                                     0x200004e0   Section       72  stm32f4xx_hal_timebase_tim.o(.bss)
    .bss                                     0x20000528   Section       52  co_driver_stm32.o(.bss)
    tx_hdr                                   0x20000528   Data          24  co_driver_stm32.o(.bss)
    rx_hdr                                   0x20000540   Data          28  co_driver_stm32.o(.bss)
    .bss                                     0x2000055c   Section       20  jawd_speed.o(.bss)
    .bss                                     0x20000570   Section       12  key.o(.bss)
    .bss                                     0x2000057c   Section     2092  modbus_usart.o(.bss)
    g_tUart3                                 0x2000057c   Data          44  modbus_usart.o(.bss)
    g_TxBuf3                                 0x200005a8   Data        1024  modbus_usart.o(.bss)
    g_RxBuf3                                 0x200009a8   Data        1024  modbus_usart.o(.bss)
    .bss                                     0x20000da8   Section      196  modbus_slave.o(.bss)
    .bss                                     0x20000e6c   Section      324  modbus_msg.o(.bss)
    .bss.noinit                              0x20000fc0   Section     1188  eventrecorder.o(.bss.noinit)
    EventBuffer                              0x20000fc0   Data        1024  eventrecorder.o(.bss.noinit)
    EventFilter                              0x200013c0   Data         128  eventrecorder.o(.bss.noinit)
    EventStatus                              0x20001440   Data          36  eventrecorder.o(.bss.noinit)
    HEAP                                     0x20001468   Section    16384  startup_stm32f407xx.o(HEAP)
    STACK                                    0x20005468   Section     8192  startup_stm32f407xx.o(STACK)

    Global Symbols

    Symbol Name                              Value     Ov Type        Size  Object(Section)

    BuildAttributes$$THM_ISAv4$E$P$D$K$B$S$7EM$VFPi3$EXTD16$VFPS$VFMA$PE$A:L22UL41UL21$X:L11$S22US41US21$IEEE1$IW$USESV6$~STKCKD$USESV7$~SHL$OSPACE$ROPI$EBA8$MICROLIB$REQ8$PRES8$EABIv2 0x00000000   Number         0  anon$$obj.o ABSOLUTE
    __ARM_use_no_argv                        0x00000000   Number         0  main.o ABSOLUTE
    _printf_a                                0x00000000   Number         0  stubs.o ABSOLUTE
    _printf_c                                0x00000000   Number         0  stubs.o ABSOLUTE
    _printf_charcount                        0x00000000   Number         0  stubs.o ABSOLUTE
    _printf_d                                0x00000000   Number         0  stubs.o ABSOLUTE
    _printf_e                                0x00000000   Number         0  stubs.o ABSOLUTE
    _printf_f                                0x00000000   Number         0  stubs.o ABSOLUTE
    _printf_flags                            0x00000000   Number         0  stubs.o ABSOLUTE
    _printf_fp_dec                           0x00000000   Number         0  stubs.o ABSOLUTE
    _printf_fp_hex                           0x00000000   Number         0  stubs.o ABSOLUTE
    _printf_g                                0x00000000   Number         0  stubs.o ABSOLUTE
    _printf_i                                0x00000000   Number         0  stubs.o ABSOLUTE
    _printf_int_dec                          0x00000000   Number         0  stubs.o ABSOLUTE
    _printf_l                                0x00000000   Number         0  stubs.o ABSOLUTE
    _printf_lc                               0x00000000   Number         0  stubs.o ABSOLUTE
    _printf_ll                               0x00000000   Number         0  stubs.o ABSOLUTE
    _printf_lld                              0x00000000   Number         0  stubs.o ABSOLUTE
    _printf_lli                              0x00000000   Number         0  stubs.o ABSOLUTE
    _printf_llo                              0x00000000   Number         0  stubs.o ABSOLUTE
    _printf_llu                              0x00000000   Number         0  stubs.o ABSOLUTE
    _printf_llx                              0x00000000   Number         0  stubs.o ABSOLUTE
    _printf_longlong_dec                     0x00000000   Number         0  stubs.o ABSOLUTE
    _printf_longlong_hex                     0x00000000   Number         0  stubs.o ABSOLUTE
    _printf_longlong_oct                     0x00000000   Number         0  stubs.o ABSOLUTE
    _printf_ls                               0x00000000   Number         0  stubs.o ABSOLUTE
    _printf_mbtowc                           0x00000000   Number         0  stubs.o ABSOLUTE
    _printf_n                                0x00000000   Number         0  stubs.o ABSOLUTE
    _printf_o                                0x00000000   Number         0  stubs.o ABSOLUTE
    _printf_p                                0x00000000   Number         0  stubs.o ABSOLUTE
    _printf_percent                          0x00000000   Number         0  stubs.o ABSOLUTE
    _printf_pre_padding                      0x00000000   Number         0  stubs.o ABSOLUTE
    _printf_return_value                     0x00000000   Number         0  stubs.o ABSOLUTE
    _printf_s                                0x00000000   Number         0  stubs.o ABSOLUTE
    _printf_sizespec                         0x00000000   Number         0  stubs.o ABSOLUTE
    _printf_str                              0x00000000   Number         0  stubs.o ABSOLUTE
    _printf_truncate_signed                  0x00000000   Number         0  stubs.o ABSOLUTE
    _printf_truncate_unsigned                0x00000000   Number         0  stubs.o ABSOLUTE
    _printf_u                                0x00000000   Number         0  stubs.o ABSOLUTE
    _printf_wc                               0x00000000   Number         0  stubs.o ABSOLUTE
    _printf_wctomb                           0x00000000   Number         0  stubs.o ABSOLUTE
    _printf_widthprec                        0x00000000   Number         0  stubs.o ABSOLUTE
    _printf_x                                0x00000000   Number         0  stubs.o ABSOLUTE
    __cpp_initialize__aeabi_                  - Undefined Weak Reference
    __cxa_finalize                            - Undefined Weak Reference
    _clock_init                               - Undefined Weak Reference
    _microlib_exit                            - Undefined Weak Reference
    __Vectors_Size                           0x00000188   Number         0  startup_stm32f407xx.o ABSOLUTE
    __Vectors                                0x08000000   Data           4  startup_stm32f407xx.o(RESET)
    __Vectors_End                            0x08000188   Data           0  startup_stm32f407xx.o(RESET)
    __main                                   0x08000189   Thumb Code     0  entry.o(.ARM.Collect$$$$00000000)
    _main_stk                                0x08000189   Thumb Code     0  entry2.o(.ARM.Collect$$$$00000001)
    _main_scatterload                        0x0800018d   Thumb Code     0  entry5.o(.ARM.Collect$$$$00000004)
    __main_after_scatterload                 0x08000191   Thumb Code     0  entry5.o(.ARM.Collect$$$$00000004)
    _main_clock                              0x08000191   Thumb Code     0  entry7b.o(.ARM.Collect$$$$00000008)
    _main_cpp_init                           0x08000191   Thumb Code     0  entry8b.o(.ARM.Collect$$$$0000000A)
    _main_init                               0x08000191   Thumb Code     0  entry9a.o(.ARM.Collect$$$$0000000B)
    __rt_final_cpp                           0x08000199   Thumb Code     0  entry10a.o(.ARM.Collect$$$$0000000D)
    __rt_final_exit                          0x08000199   Thumb Code     0  entry11a.o(.ARM.Collect$$$$0000000F)
    Reset_Handler                            0x0800019d   Thumb Code     8  startup_stm32f407xx.o(.text)
    ADC_IRQHandler                           0x080001b7   Thumb Code     0  startup_stm32f407xx.o(.text)
    CAN1_SCE_IRQHandler                      0x080001b7   Thumb Code     0  startup_stm32f407xx.o(.text)
    CAN2_RX0_IRQHandler                      0x080001b7   Thumb Code     0  startup_stm32f407xx.o(.text)
    CAN2_RX1_IRQHandler                      0x080001b7   Thumb Code     0  startup_stm32f407xx.o(.text)
    CAN2_SCE_IRQHandler                      0x080001b7   Thumb Code     0  startup_stm32f407xx.o(.text)
    CAN2_TX_IRQHandler                       0x080001b7   Thumb Code     0  startup_stm32f407xx.o(.text)
    DCMI_IRQHandler                          0x080001b7   Thumb Code     0  startup_stm32f407xx.o(.text)
    DMA1_Stream0_IRQHandler                  0x080001b7   Thumb Code     0  startup_stm32f407xx.o(.text)
    DMA1_Stream1_IRQHandler                  0x080001b7   Thumb Code     0  startup_stm32f407xx.o(.text)
    DMA1_Stream2_IRQHandler                  0x080001b7   Thumb Code     0  startup_stm32f407xx.o(.text)
    DMA1_Stream3_IRQHandler                  0x080001b7   Thumb Code     0  startup_stm32f407xx.o(.text)
    DMA1_Stream4_IRQHandler                  0x080001b7   Thumb Code     0  startup_stm32f407xx.o(.text)
    DMA1_Stream5_IRQHandler                  0x080001b7   Thumb Code     0  startup_stm32f407xx.o(.text)
    DMA1_Stream6_IRQHandler                  0x080001b7   Thumb Code     0  startup_stm32f407xx.o(.text)
    DMA1_Stream7_IRQHandler                  0x080001b7   Thumb Code     0  startup_stm32f407xx.o(.text)
    DMA2_Stream0_IRQHandler                  0x080001b7   Thumb Code     0  startup_stm32f407xx.o(.text)
    DMA2_Stream1_IRQHandler                  0x080001b7   Thumb Code     0  startup_stm32f407xx.o(.text)
    DMA2_Stream2_IRQHandler                  0x080001b7   Thumb Code     0  startup_stm32f407xx.o(.text)
    DMA2_Stream3_IRQHandler                  0x080001b7   Thumb Code     0  startup_stm32f407xx.o(.text)
    DMA2_Stream4_IRQHandler                  0x080001b7   Thumb Code     0  startup_stm32f407xx.o(.text)
    DMA2_Stream5_IRQHandler                  0x080001b7   Thumb Code     0  startup_stm32f407xx.o(.text)
    DMA2_Stream6_IRQHandler                  0x080001b7   Thumb Code     0  startup_stm32f407xx.o(.text)
    DMA2_Stream7_IRQHandler                  0x080001b7   Thumb Code     0  startup_stm32f407xx.o(.text)
    ETH_IRQHandler                           0x080001b7   Thumb Code     0  startup_stm32f407xx.o(.text)
    ETH_WKUP_IRQHandler                      0x080001b7   Thumb Code     0  startup_stm32f407xx.o(.text)
    EXTI0_IRQHandler                         0x080001b7   Thumb Code     0  startup_stm32f407xx.o(.text)
    EXTI1_IRQHandler                         0x080001b7   Thumb Code     0  startup_stm32f407xx.o(.text)
    EXTI2_IRQHandler                         0x080001b7   Thumb Code     0  startup_stm32f407xx.o(.text)
    EXTI3_IRQHandler                         0x080001b7   Thumb Code     0  startup_stm32f407xx.o(.text)
    EXTI4_IRQHandler                         0x080001b7   Thumb Code     0  startup_stm32f407xx.o(.text)
    FLASH_IRQHandler                         0x080001b7   Thumb Code     0  startup_stm32f407xx.o(.text)
    FMC_IRQHandler                           0x080001b7   Thumb Code     0  startup_stm32f407xx.o(.text)
    FPU_IRQHandler                           0x080001b7   Thumb Code     0  startup_stm32f407xx.o(.text)
    HASH_RNG_IRQHandler                      0x080001b7   Thumb Code     0  startup_stm32f407xx.o(.text)
    I2C1_ER_IRQHandler                       0x080001b7   Thumb Code     0  startup_stm32f407xx.o(.text)
    I2C1_EV_IRQHandler                       0x080001b7   Thumb Code     0  startup_stm32f407xx.o(.text)
    I2C2_ER_IRQHandler                       0x080001b7   Thumb Code     0  startup_stm32f407xx.o(.text)
    I2C2_EV_IRQHandler                       0x080001b7   Thumb Code     0  startup_stm32f407xx.o(.text)
    I2C3_ER_IRQHandler                       0x080001b7   Thumb Code     0  startup_stm32f407xx.o(.text)
    I2C3_EV_IRQHandler                       0x080001b7   Thumb Code     0  startup_stm32f407xx.o(.text)
    OTG_FS_IRQHandler                        0x080001b7   Thumb Code     0  startup_stm32f407xx.o(.text)
    OTG_FS_WKUP_IRQHandler                   0x080001b7   Thumb Code     0  startup_stm32f407xx.o(.text)
    OTG_HS_EP1_IN_IRQHandler                 0x080001b7   Thumb Code     0  startup_stm32f407xx.o(.text)
    OTG_HS_EP1_OUT_IRQHandler                0x080001b7   Thumb Code     0  startup_stm32f407xx.o(.text)
    OTG_HS_IRQHandler                        0x080001b7   Thumb Code     0  startup_stm32f407xx.o(.text)
    OTG_HS_WKUP_IRQHandler                   0x080001b7   Thumb Code     0  startup_stm32f407xx.o(.text)
    PVD_IRQHandler                           0x080001b7   Thumb Code     0  startup_stm32f407xx.o(.text)
    RCC_IRQHandler                           0x080001b7   Thumb Code     0  startup_stm32f407xx.o(.text)
    RTC_Alarm_IRQHandler                     0x080001b7   Thumb Code     0  startup_stm32f407xx.o(.text)
    RTC_WKUP_IRQHandler                      0x080001b7   Thumb Code     0  startup_stm32f407xx.o(.text)
    SDIO_IRQHandler                          0x080001b7   Thumb Code     0  startup_stm32f407xx.o(.text)
    SPI1_IRQHandler                          0x080001b7   Thumb Code     0  startup_stm32f407xx.o(.text)
    SPI2_IRQHandler                          0x080001b7   Thumb Code     0  startup_stm32f407xx.o(.text)
    SPI3_IRQHandler                          0x080001b7   Thumb Code     0  startup_stm32f407xx.o(.text)
    TAMP_STAMP_IRQHandler                    0x080001b7   Thumb Code     0  startup_stm32f407xx.o(.text)
    TIM1_BRK_TIM9_IRQHandler                 0x080001b7   Thumb Code     0  startup_stm32f407xx.o(.text)
    TIM1_CC_IRQHandler                       0x080001b7   Thumb Code     0  startup_stm32f407xx.o(.text)
    TIM1_TRG_COM_TIM11_IRQHandler            0x080001b7   Thumb Code     0  startup_stm32f407xx.o(.text)
    TIM1_UP_TIM10_IRQHandler                 0x080001b7   Thumb Code     0  startup_stm32f407xx.o(.text)
    TIM3_IRQHandler                          0x080001b7   Thumb Code     0  startup_stm32f407xx.o(.text)
    TIM4_IRQHandler                          0x080001b7   Thumb Code     0  startup_stm32f407xx.o(.text)
    TIM5_IRQHandler                          0x080001b7   Thumb Code     0  startup_stm32f407xx.o(.text)
    TIM8_BRK_TIM12_IRQHandler                0x080001b7   Thumb Code     0  startup_stm32f407xx.o(.text)
    TIM8_CC_IRQHandler                       0x080001b7   Thumb Code     0  startup_stm32f407xx.o(.text)
    TIM8_TRG_COM_TIM14_IRQHandler            0x080001b7   Thumb Code     0  startup_stm32f407xx.o(.text)
    TIM8_UP_TIM13_IRQHandler                 0x080001b7   Thumb Code     0  startup_stm32f407xx.o(.text)
    UART5_IRQHandler                         0x080001b7   Thumb Code     0  startup_stm32f407xx.o(.text)
    USART1_IRQHandler                        0x080001b7   Thumb Code     0  startup_stm32f407xx.o(.text)
    USART2_IRQHandler                        0x080001b7   Thumb Code     0  startup_stm32f407xx.o(.text)
    USART6_IRQHandler                        0x080001b7   Thumb Code     0  startup_stm32f407xx.o(.text)
    WWDG_IRQHandler                          0x080001b7   Thumb Code     0  startup_stm32f407xx.o(.text)
    __aeabi_uldivmod                         0x080001c1   Thumb Code    98  uldiv.o(.text)
    ___aeabi_memcpy8$move                    0x08000223   Thumb Code     0  memmovea.o(.text)
    __aeabi_memcpy                           0x08000223   Thumb Code    64  memmovea.o(.text)
    __aeabi_memcpy4                          0x08000223   Thumb Code     0  memmovea.o(.text)
    __aeabi_memmove                          0x08000223   Thumb Code     0  memmovea.o(.text)
    __aeabi_memmove4                         0x08000223   Thumb Code     0  memmovea.o(.text)
    __aeabi_memmove8                         0x08000223   Thumb Code     0  memmovea.o(.text)
    __aeabi_memset                           0x08000263   Thumb Code    14  memseta.o(.text)
    __aeabi_memset4                          0x08000263   Thumb Code     0  memseta.o(.text)
    __aeabi_memset8                          0x08000263   Thumb Code     0  memseta.o(.text)
    __aeabi_memclr                           0x08000271   Thumb Code     4  memseta.o(.text)
    __aeabi_memclr4                          0x08000271   Thumb Code     0  memseta.o(.text)
    __aeabi_memclr8                          0x08000271   Thumb Code     0  memseta.o(.text)
    _memset$wrapper                          0x08000275   Thumb Code    18  memseta.o(.text)
    strlen                                   0x08000287   Thumb Code    14  strlen.o(.text)
    calloc                                   0x08000295   Thumb Code    28  calloc.o(.text)
    __aeabi_llsl                             0x080002b1   Thumb Code    30  llshl.o(.text)
    _ll_shift_l                              0x080002b1   Thumb Code     0  llshl.o(.text)
    __aeabi_llsr                             0x080002cf   Thumb Code    32  llushr.o(.text)
    _ll_ushift_r                             0x080002cf   Thumb Code     0  llushr.o(.text)
    __scatterload                            0x080002f1   Thumb Code    28  init.o(.text)
    __scatterload_rt2                        0x080002f1   Thumb Code     0  init.o(.text)
    __decompress                             0x08000315   Thumb Code     0  __dczerorl2.o(.text)
    __decompress1                            0x08000315   Thumb Code    86  __dczerorl2.o(.text)
    BEBufToUint16                            0x0800036b   Thumb Code    12  user_lib.o(i.BEBufToUint16)
    BusFault_Handler                         0x08000377   Thumb Code     4  stm32f4xx_it.o(i.BusFault_Handler)
    CAN1_RX0_IRQHandler                      0x0800037d   Thumb Code    10  stm32f4xx_it.o(i.CAN1_RX0_IRQHandler)
    CAN1_RX1_IRQHandler                      0x0800038d   Thumb Code    10  stm32f4xx_it.o(i.CAN1_RX1_IRQHandler)
    CAN1_TX_IRQHandler                       0x0800039d   Thumb Code    10  stm32f4xx_it.o(i.CAN1_TX_IRQHandler)
    CO_CANclearPendingSyncPDOs               0x080003ad   Thumb Code   116  co_driver_stm32.o(i.CO_CANclearPendingSyncPDOs)
    CO_CANinit                               0x08000421   Thumb Code    54  canopen.o(i.CO_CANinit)
    CO_CANinterrupt_TX                       0x08000457   Thumb Code    96  co_driver_stm32.o(i.CO_CANinterrupt_TX)
    CO_CANmodule_disable                     0x080004b7   Thumb Code    20  co_driver_stm32.o(i.CO_CANmodule_disable)
    CO_CANmodule_init                        0x080004cd   Thumb Code   252  co_driver_stm32.o(i.CO_CANmodule_init)
    CO_CANmodule_process                     0x080005d1   Thumb Code    72  co_driver_stm32.o(i.CO_CANmodule_process)
    CO_CANopenInit                           0x08000619   Thumb Code   558  canopen.o(i.CO_CANopenInit)
    CO_CANopenInitPDO                        0x0800084d   Thumb Code   300  canopen.o(i.CO_CANopenInitPDO)
    CO_CANrxBufferInit                       0x0800097d   Thumb Code   104  co_driver_stm32.o(i.CO_CANrxBufferInit)
    CO_CANsend                               0x080009e5   Thumb Code    80  co_driver_stm32.o(i.CO_CANsend)
    CO_CANsetConfigurationMode               0x08000a35   Thumb Code    14  co_driver_stm32.o(i.CO_CANsetConfigurationMode)
    CO_CANsetNormalMode                      0x08000a43   Thumb Code    24  co_driver_stm32.o(i.CO_CANsetNormalMode)
    CO_CANtxBufferInit                       0x08000a5b   Thumb Code    60  co_driver_stm32.o(i.CO_CANtxBufferInit)
    CO_EM_init                               0x08000a99   Thumb Code   314  co_emergency.o(i.CO_EM_init)
    CO_EM_process                            0x08000be9   Thumb Code   422  co_emergency.o(i.CO_EM_process)
    CO_HBconsumer_init                       0x08000dad   Thumb Code   268  co_hbconsumer.o(i.CO_HBconsumer_init)
    CO_HBconsumer_process                    0x08000f95   Thumb Code   284  co_hbconsumer.o(i.CO_HBconsumer_process)
    CO_LEDs_init                             0x080010b1   Thumb Code    22  co_leds.o(i.CO_LEDs_init)
    CO_LEDs_process                          0x080010c7   Thumb Code   618  co_leds.o(i.CO_LEDs_process)
    CO_LSSinit                               0x08001331   Thumb Code    72  canopen.o(i.CO_LSSinit)
    CO_LSSslave_init                         0x08001379   Thumb Code   174  co_lssslave.o(i.CO_LSSslave_init)
    CO_LSSslave_process                      0x0800142d   Thumb Code   508  co_lssslave.o(i.CO_LSSslave_process)
    CO_NMT_init                              0x080017e1   Thumb Code   326  co_nmt_heartbeat.o(i.CO_NMT_init)
    CO_NMT_process                           0x08001935   Thumb Code   324  co_nmt_heartbeat.o(i.CO_NMT_process)
    CO_NMT_sendCommand                       0x08001a95   Thumb Code    44  co_nmt_heartbeat.o(i.CO_NMT_sendCommand)
    CO_RPDO_init                             0x08001b51   Thumb Code   464  co_pdo.o(i.CO_RPDO_init)
    CO_RPDO_process                          0x08001d35   Thumb Code   454  co_pdo.o(i.CO_RPDO_process)
    CO_SDOclientDownload                     0x08001f39   Thumb Code   588  co_sdoclient.o(i.CO_SDOclientDownload)
    CO_SDOclientDownloadBufWrite             0x08002195   Thumb Code    38  co_sdoclient.o(i.CO_SDOclientDownloadBufWrite)
    CO_SDOclientDownloadInitiate             0x080021bb   Thumb Code    82  co_sdoclient.o(i.CO_SDOclientDownloadInitiate)
    CO_SDOclientUpload                       0x0800220d   Thumb Code   542  co_sdoclient.o(i.CO_SDOclientUpload)
    CO_SDOclientUploadBufRead                0x08002439   Thumb Code    38  co_sdoclient.o(i.CO_SDOclientUploadBufRead)
    CO_SDOclientUploadInitiate               0x0800245f   Thumb Code    80  co_sdoclient.o(i.CO_SDOclientUploadInitiate)
    CO_SDOclient_init                        0x080024af   Thumb Code   232  co_sdoclient.o(i.CO_SDOclient_init)
    CO_SDOclient_setup                       0x080025c9   Thumb Code   166  co_sdoclient.o(i.CO_SDOclient_setup)
    CO_SDOserver_init                        0x08002675   Thumb Code   428  co_sdoserver.o(i.CO_SDOserver_init)
    CO_SDOserver_process                     0x080028cd   Thumb Code  1592  co_sdoserver.o(i.CO_SDOserver_process)
    CO_SYNC_init                             0x08002f09   Thumb Code   446  co_sync.o(i.CO_SYNC_init)
    CO_SYNC_process                          0x080030d9   Thumb Code   306  co_sync.o(i.CO_SYNC_process)
    CO_TIME_init                             0x08003255   Thumb Code   198  co_time.o(i.CO_TIME_init)
    CO_TIME_process                          0x08003329   Thumb Code   146  co_time.o(i.CO_TIME_process)
    CO_TPDO_init                             0x080033e1   Thumb Code   542  co_pdo.o(i.CO_TPDO_init)
    CO_TPDO_process                          0x08003611   Thumb Code   362  co_pdo.o(i.CO_TPDO_process)
    CO_delete                                0x08003853   Thumb Code   120  canopen.o(i.CO_delete)
    CO_error                                 0x080038cb   Thumb Code   226  co_emergency.o(i.CO_error)
    CO_fifo_init                             0x080039ad   Thumb Code    24  co_fifo.o(i.CO_fifo_init)
    CO_fifo_read                             0x080039c5   Thumb Code    92  co_fifo.o(i.CO_fifo_read)
    CO_fifo_write                            0x08003a2b   Thumb Code    92  co_fifo.o(i.CO_fifo_write)
    CO_new                                   0x08003b2d   Thumb Code   380  canopen.o(i.CO_new)
    CO_process                               0x08003ca9   Thumb Code   362  canopen.o(i.CO_process)
    CO_process_RPDO                          0x08003e13   Thumb Code    80  canopen.o(i.CO_process_RPDO)
    CO_process_SYNC                          0x08003e63   Thumb Code   102  canopen.o(i.CO_process_SYNC)
    CO_process_TPDO                          0x08003ec9   Thumb Code    76  canopen.o(i.CO_process_TPDO)
    CRC16_Modbus                             0x08003f39   Thumb Code    48  user_lib.o(i.CRC16_Modbus)
    ComToUart                                0x08003f71   Thumb Code    14  modbus_usart.o(i.ComToUart)
    DebugMon_Handler                         0x08003f85   Thumb Code     2  stm32f4xx_it.o(i.DebugMon_Handler)
    EXTI15_10_IRQHandler                     0x08003f87   Thumb Code    28  stm32f4xx_it.o(i.EXTI15_10_IRQHandler)
    EXTI9_5_IRQHandler                       0x08003fa3   Thumb Code    12  stm32f4xx_it.o(i.EXTI9_5_IRQHandler)
    Error_Handler                            0x08003faf   Thumb Code     6  main.o(i.Error_Handler)
    EventRecorderEnable                      0x080040f5   Thumb Code    88  eventrecorder.o(i.EventRecorderEnable)
    EventRecorderInitialize                  0x08004151   Thumb Code   212  eventrecorder.o(i.EventRecorderInitialize)
    EventRecorderStart                       0x0800423d   Thumb Code    40  eventrecorder.o(i.EventRecorderStart)
    EventRecorderTimerGet                    0x0800426d   Thumb Code     6  eventrecorder.o(i.EventRecorderTimerGet)
    EventRecorderTimerInit                   0x08004279   Thumb Code    30  eventrecorder.o(i.EventRecorderTimerInit)
    HAL_CAN_ActivateNotification             0x080042a5   Thumb Code    42  stm32f4xx_hal_can.o(i.HAL_CAN_ActivateNotification)
    HAL_CAN_AddTxMessage                     0x080042cf   Thumb Code   342  stm32f4xx_hal_can.o(i.HAL_CAN_AddTxMessage)
    HAL_CAN_ConfigFilter                     0x08004425   Thumb Code   286  stm32f4xx_hal_can.o(i.HAL_CAN_ConfigFilter)
    HAL_CAN_ErrorCallback                    0x08004549   Thumb Code     2  stm32f4xx_hal_can.o(i.HAL_CAN_ErrorCallback)
    HAL_CAN_GetRxMessage                     0x0800454b   Thumb Code   378  stm32f4xx_hal_can.o(i.HAL_CAN_GetRxMessage)
    HAL_CAN_GetTxMailboxesFreeLevel          0x080046c5   Thumb Code    54  stm32f4xx_hal_can.o(i.HAL_CAN_GetTxMailboxesFreeLevel)
    HAL_CAN_IRQHandler                       0x080046fb   Thumb Code   590  stm32f4xx_hal_can.o(i.HAL_CAN_IRQHandler)
    HAL_CAN_Init                             0x08004949   Thumb Code   372  stm32f4xx_hal_can.o(i.HAL_CAN_Init)
    HAL_CAN_MspInit                          0x08004abd   Thumb Code   172  can.o(i.HAL_CAN_MspInit)
    HAL_CAN_RxFifo0FullCallback              0x08004b75   Thumb Code     2  stm32f4xx_hal_can.o(i.HAL_CAN_RxFifo0FullCallback)
    HAL_CAN_RxFifo0MsgPendingCallback        0x08004b77   Thumb Code    16  co_driver_stm32.o(i.HAL_CAN_RxFifo0MsgPendingCallback)
    HAL_CAN_RxFifo1FullCallback              0x08004b87   Thumb Code     2  stm32f4xx_hal_can.o(i.HAL_CAN_RxFifo1FullCallback)
    HAL_CAN_RxFifo1MsgPendingCallback        0x08004b89   Thumb Code    16  co_driver_stm32.o(i.HAL_CAN_RxFifo1MsgPendingCallback)
    HAL_CAN_SleepCallback                    0x08004b99   Thumb Code     2  stm32f4xx_hal_can.o(i.HAL_CAN_SleepCallback)
    HAL_CAN_Start                            0x08004b9b   Thumb Code    94  stm32f4xx_hal_can.o(i.HAL_CAN_Start)
    HAL_CAN_Stop                             0x08004bf9   Thumb Code   106  stm32f4xx_hal_can.o(i.HAL_CAN_Stop)
    HAL_CAN_TxMailbox0AbortCallback          0x08004c63   Thumb Code     2  stm32f4xx_hal_can.o(i.HAL_CAN_TxMailbox0AbortCallback)
    HAL_CAN_TxMailbox0CompleteCallback       0x08004c65   Thumb Code    16  co_driver_stm32.o(i.HAL_CAN_TxMailbox0CompleteCallback)
    HAL_CAN_TxMailbox1AbortCallback          0x08004c79   Thumb Code     2  stm32f4xx_hal_can.o(i.HAL_CAN_TxMailbox1AbortCallback)
    HAL_CAN_TxMailbox1CompleteCallback       0x08004c7d   Thumb Code    16  co_driver_stm32.o(i.HAL_CAN_TxMailbox1CompleteCallback)
    HAL_CAN_TxMailbox2AbortCallback          0x08004c91   Thumb Code     2  stm32f4xx_hal_can.o(i.HAL_CAN_TxMailbox2AbortCallback)
    HAL_CAN_TxMailbox2CompleteCallback       0x08004c95   Thumb Code    16  co_driver_stm32.o(i.HAL_CAN_TxMailbox2CompleteCallback)
    HAL_CAN_WakeUpFromRxMsgCallback          0x08004ca9   Thumb Code     2  stm32f4xx_hal_can.o(i.HAL_CAN_WakeUpFromRxMsgCallback)
    HAL_DMA_Abort                            0x08004cab   Thumb Code   172  stm32f4xx_hal_dma.o(i.HAL_DMA_Abort)
    HAL_DMA_Abort_IT                         0x08004d57   Thumb Code    40  stm32f4xx_hal_dma.o(i.HAL_DMA_Abort_IT)
    HAL_Delay                                0x08004d81   Thumb Code    36  stm32f4xx_hal.o(i.HAL_Delay)
    HAL_GPIO_EXTI_Callback                   0x08004da9   Thumb Code   108  key.o(i.HAL_GPIO_EXTI_Callback)
    HAL_GPIO_EXTI_IRQHandler                 0x08004e19   Thumb Code    24  stm32f4xx_hal_gpio.o(i.HAL_GPIO_EXTI_IRQHandler)
    HAL_GPIO_Init                            0x08004e35   Thumb Code   452  stm32f4xx_hal_gpio.o(i.HAL_GPIO_Init)
    HAL_GPIO_ReadPin                         0x08005025   Thumb Code    16  stm32f4xx_hal_gpio.o(i.HAL_GPIO_ReadPin)
    HAL_GPIO_WritePin                        0x08005035   Thumb Code    12  stm32f4xx_hal_gpio.o(i.HAL_GPIO_WritePin)
    HAL_GetTick                              0x08005041   Thumb Code     6  stm32f4xx_hal.o(i.HAL_GetTick)
    HAL_IncTick                              0x0800504d   Thumb Code    16  stm32f4xx_hal.o(i.HAL_IncTick)
    HAL_Init                                 0x08005065   Thumb Code    54  stm32f4xx_hal.o(i.HAL_Init)
    HAL_InitTick                             0x080050a1   Thumb Code   122  stm32f4xx_hal_timebase_tim.o(i.HAL_InitTick)
    HAL_MspInit                              0x0800512d   Thumb Code    68  stm32f4xx_hal_msp.o(i.HAL_MspInit)
    HAL_NVIC_EnableIRQ                       0x08005175   Thumb Code    32  stm32f4xx_hal_cortex.o(i.HAL_NVIC_EnableIRQ)
    HAL_NVIC_SetPriority                     0x08005195   Thumb Code   124  stm32f4xx_hal_cortex.o(i.HAL_NVIC_SetPriority)
    HAL_NVIC_SetPriorityGrouping             0x08005211   Thumb Code    32  stm32f4xx_hal_cortex.o(i.HAL_NVIC_SetPriorityGrouping)
    HAL_NVIC_SystemReset                     0x08005239   Thumb Code    60  stm32f4xx_hal_cortex.o(i.HAL_NVIC_SystemReset)
    HAL_RCC_ClockConfig                      0x0800527d   Thumb Code   368  stm32f4xx_hal_rcc.o(i.HAL_RCC_ClockConfig)
    HAL_RCC_GetClockConfig                   0x08005401   Thumb Code    58  stm32f4xx_hal_rcc.o(i.HAL_RCC_GetClockConfig)
    HAL_RCC_GetHCLKFreq                      0x08005445   Thumb Code     6  stm32f4xx_hal_rcc.o(i.HAL_RCC_GetHCLKFreq)
    HAL_RCC_GetPCLK1Freq                     0x08005451   Thumb Code    22  stm32f4xx_hal_rcc.o(i.HAL_RCC_GetPCLK1Freq)
    HAL_RCC_GetPCLK2Freq                     0x08005471   Thumb Code    22  stm32f4xx_hal_rcc.o(i.HAL_RCC_GetPCLK2Freq)
    HAL_RCC_GetSysClockFreq                  0x08005491   Thumb Code   162  stm32f4xx_hal_rcc.o(i.HAL_RCC_GetSysClockFreq)
    HAL_RCC_OscConfig                        0x08005541   Thumb Code  1172  stm32f4xx_hal_rcc.o(i.HAL_RCC_OscConfig)
    HAL_TIMEx_BreakCallback                  0x080059dd   Thumb Code     2  stm32f4xx_hal_tim_ex.o(i.HAL_TIMEx_BreakCallback)
    HAL_TIMEx_CommutCallback                 0x080059df   Thumb Code     2  stm32f4xx_hal_tim_ex.o(i.HAL_TIMEx_CommutCallback)
    HAL_TIMEx_MasterConfigSynchronization    0x080059e1   Thumb Code   150  stm32f4xx_hal_tim_ex.o(i.HAL_TIMEx_MasterConfigSynchronization)
    HAL_TIM_Base_Init                        0x08005a95   Thumb Code   102  stm32f4xx_hal_tim.o(i.HAL_TIM_Base_Init)
    HAL_TIM_Base_MspInit                     0x08005afd   Thumb Code    62  tim.o(i.HAL_TIM_Base_MspInit)
    HAL_TIM_Base_Start                       0x08005b45   Thumb Code   126  stm32f4xx_hal_tim.o(i.HAL_TIM_Base_Start)
    HAL_TIM_Base_Start_IT                    0x08005be1   Thumb Code   138  stm32f4xx_hal_tim.o(i.HAL_TIM_Base_Start_IT)
    HAL_TIM_Base_Stop_IT                     0x08005c89   Thumb Code    62  stm32f4xx_hal_tim.o(i.HAL_TIM_Base_Stop_IT)
    HAL_TIM_IC_CaptureCallback               0x08005cc7   Thumb Code     2  stm32f4xx_hal_tim.o(i.HAL_TIM_IC_CaptureCallback)
    HAL_TIM_IRQHandler                       0x08005cc9   Thumb Code   406  stm32f4xx_hal_tim.o(i.HAL_TIM_IRQHandler)
    HAL_TIM_OC_DelayElapsedCallback          0x08005e5f   Thumb Code     2  stm32f4xx_hal_tim.o(i.HAL_TIM_OC_DelayElapsedCallback)
    HAL_TIM_PWM_PulseFinishedCallback        0x08005e61   Thumb Code     2  stm32f4xx_hal_tim.o(i.HAL_TIM_PWM_PulseFinishedCallback)
    HAL_TIM_PeriodElapsedCallback            0x08005e65   Thumb Code    32  main.o(i.HAL_TIM_PeriodElapsedCallback)
    HAL_TIM_TriggerCallback                  0x08005e8d   Thumb Code     2  stm32f4xx_hal_tim.o(i.HAL_TIM_TriggerCallback)
    HAL_UARTEx_RxEventCallback               0x08005e8f   Thumb Code     2  stm32f4xx_hal_uart.o(i.HAL_UARTEx_RxEventCallback)
    HAL_UART_ErrorCallback                   0x08005e91   Thumb Code     2  stm32f4xx_hal_uart.o(i.HAL_UART_ErrorCallback)
    HAL_UART_IRQHandler                      0x08005e95   Thumb Code   732  stm32f4xx_hal_uart.o(i.HAL_UART_IRQHandler)
    HAL_UART_Init                            0x08006175   Thumb Code   114  stm32f4xx_hal_uart.o(i.HAL_UART_Init)
    HAL_UART_MspInit                         0x080061e9   Thumb Code   140  usart.o(i.HAL_UART_MspInit)
    HAL_UART_RxCpltCallback                  0x08006281   Thumb Code     2  stm32f4xx_hal_uart.o(i.HAL_UART_RxCpltCallback)
    HAL_UART_Transmit                        0x08006283   Thumb Code   210  stm32f4xx_hal_uart.o(i.HAL_UART_Transmit)
    HAL_UART_TxCpltCallback                  0x08006355   Thumb Code     2  stm32f4xx_hal_uart.o(i.HAL_UART_TxCpltCallback)
    HardFault_Handler                        0x08006357   Thumb Code     4  stm32f4xx_it.o(i.HardFault_Handler)
    MODS_Poll                                0x08006be1   Thumb Code    66  modbus_slave.o(i.MODS_Poll)
    MODS_ReciveNew                           0x08006ce5   Thumb Code    80  modbus_slave.o(i.MODS_ReciveNew)
    MX_CAN1_Init                             0x08006e69   Thumb Code   110  can.o(i.MX_CAN1_Init)
    MX_GPIO_Init                             0x08006ee1   Thumb Code   256  gpio.o(i.MX_GPIO_Init)
    MX_TIM7_Init                             0x08006fed   Thumb Code    66  tim.o(i.MX_TIM7_Init)
    MX_UART4_Init                            0x08007039   Thumb Code    46  usart.o(i.MX_UART4_Init)
    MemManage_Handler                        0x08007071   Thumb Code     4  stm32f4xx_it.o(i.MemManage_Handler)
    NMI_Handler                              0x08007075   Thumb Code     4  stm32f4xx_it.o(i.NMI_Handler)
    OD_find                                  0x080070a3   Thumb Code   106  co_odinterface.o(i.OD_find)
    OD_getPtr                                0x08007155   Thumb Code    72  co_odinterface.o(i.OD_getPtr)
    OD_getSDOabCode                          0x0800719d   Thumb Code    24  co_odinterface.o(i.OD_getSDOabCode)
    OD_getSub                                0x080071b9   Thumb Code   276  co_odinterface.o(i.OD_getSub)
    OD_get_value                             0x08007379   Thumb Code    80  co_odinterface.o(i.OD_get_value)
    OD_readOriginal                          0x080073e9   Thumb Code   112  co_odinterface.o(i.OD_readOriginal)
    OD_set_value                             0x080075fb   Thumb Code    74  co_odinterface.o(i.OD_set_value)
    OD_writeOriginal                         0x0800764d   Thumb Code   120  co_odinterface.o(i.OD_writeOriginal)
    PendSV_Handler                           0x080081e1   Thumb Code     2  stm32f4xx_it.o(i.PendSV_Handler)
    RS485_InitTXE                            0x080081e5   Thumb Code    64  modbus_usart.o(i.RS485_InitTXE)
    RS485_ReciveNew                          0x0800822d   Thumb Code    12  modbus_usart.o(i.RS485_ReciveNew)
    RS485_SendBefor                          0x08008239   Thumb Code     8  modbus_usart.o(i.RS485_SendBefor)
    RS485_SendBuf                            0x08008245   Thumb Code    18  modbus_usart.o(i.RS485_SendBuf)
    RS485_SendOver                           0x08008259   Thumb Code    10  modbus_usart.o(i.RS485_SendOver)
    SVC_Handler                              0x08008269   Thumb Code     2  stm32f4xx_it.o(i.SVC_Handler)
    SendNMTCommand                           0x0800826d   Thumb Code    36  canopen_operate.o(i.SendNMTCommand)
    SysTick_Handler                          0x080082a9   Thumb Code     2  stm32f4xx_it.o(i.SysTick_Handler)
    SystemClock_Config                       0x080082ad   Thumb Code   170  main.o(i.SystemClock_Config)
    SystemInit                               0x08008361   Thumb Code    14  system_stm32f4xx.o(i.SystemInit)
    TIM2_IRQHandler                          0x08008375   Thumb Code   164  modbus_tim.o(i.TIM2_IRQHandler)
    TIM6_DAC_IRQHandler                      0x08008429   Thumb Code    10  stm32f4xx_it.o(i.TIM6_DAC_IRQHandler)
    TIM7_IRQHandler                          0x08008439   Thumb Code    10  stm32f4xx_it.o(i.TIM7_IRQHandler)
    TIM_Base_SetConfig                       0x08008449   Thumb Code   170  stm32f4xx_hal_tim.o(i.TIM_Base_SetConfig)
    UART4_IRQHandler                         0x08008521   Thumb Code    10  stm32f4xx_it.o(i.UART4_IRQHandler)
    USART3_IRQHandler                        0x080089e9   Thumb Code    10  modbus_usart.o(i.USART3_IRQHandler)
    UsageFault_Handler                       0x08008bd5   Thumb Code     4  stm32f4xx_it.o(i.UsageFault_Handler)
    __0printf$5                              0x08008bd9   Thumb Code    22  printf5.o(i.__0printf$5)
    __1printf$5                              0x08008bd9   Thumb Code     0  printf5.o(i.__0printf$5)
    __2printf                                0x08008bd9   Thumb Code     0  printf5.o(i.__0printf$5)
    __scatterload_copy                       0x08008c31   Thumb Code    14  handlers.o(i.__scatterload_copy)
    __scatterload_null                       0x08008c3f   Thumb Code     2  handlers.o(i.__scatterload_null)
    __scatterload_zeroinit                   0x08008c41   Thumb Code    14  handlers.o(i.__scatterload_zeroinit)
    bsp_GetKey                               0x08008f3d   Thumb Code    44  key.o(i.bsp_GetKey)
    bsp_GetMsg                               0x08008f6d   Thumb Code    70  modbus_msg.o(i.bsp_GetMsg)
    bsp_InitHardTimer                        0x08008fb9   Thumb Code   136  modbus_tim.o(i.bsp_InitHardTimer)
    bsp_InitUart                             0x08009051   Thumb Code    16  modbus_usart.o(i.bsp_InitUart)
    bsp_PutKey                               0x08009061   Thumb Code    42  key.o(i.bsp_PutKey)
    bsp_PutMsg                               0x08009091   Thumb Code    50  modbus_msg.o(i.bsp_PutMsg)
    bsp_SetUartParam                         0x080090c9   Thumb Code    54  modbus_usart.o(i.bsp_SetUartParam)
    bsp_StartHardTimer                       0x08009101   Thumb Code   124  modbus_tim.o(i.bsp_StartHardTimer)
    canopen_app_init                         0x0800918d   Thumb Code    64  co_app_stm32.o(i.canopen_app_init)
    canopen_app_interrupt                    0x0800921d   Thumb Code   106  co_app_stm32.o(i.canopen_app_interrupt)
    canopen_app_process                      0x0800928d   Thumb Code   160  co_app_stm32.o(i.canopen_app_process)
    canopen_app_resetCommunication           0x08009385   Thumb Code   412  co_app_stm32.o(i.canopen_app_resetCommunication)
    comSendBuf                               0x0800967d   Thumb Code    46  modbus_usart.o(i.comSendBuf)
    fputc                                    0x080098f1   Thumb Code    22  usart.o(i.fputc)
    free                                     0x0800990d   Thumb Code    76  malloc.o(i.free)
    key_fifoinit                             0x0800995d   Thumb Code     8  key.o(i.key_fifoinit)
    main                                     0x08009965   Thumb Code   196  main.o(i.main)
    malloc                                   0x08009a69   Thumb Code    92  malloc.o(i.malloc)
    motor_05h                                0x08009ad5   Thumb Code   148  jawd_speed.o(i.motor_05h)
    motorspeed_init                          0x08009b75   Thumb Code   448  jawd_speed.o(i.motorspeed_init)
    motorstart                               0x08009dc9   Thumb Code   112  jawd_speed.o(i.motorstart)
    motorstop                                0x08009e79   Thumb Code    98  jawd_speed.o(i.motorstop)
    read_SDO                                 0x0800a10d   Thumb Code   148  canopen_operate.o(i.read_SDO)
    readacc                                  0x0800a1a1   Thumb Code    50  jawd_speed.o(i.readacc)
    readdcc                                  0x0800a1e1   Thumb Code    50  jawd_speed.o(i.readdcc)
    readspeed                                0x0800a221   Thumb Code    76  jawd_speed.o(i.readspeed)
    readspeed_taget                          0x0800a295   Thumb Code    62  jawd_speed.o(i.readspeed_taget)
    setacc                                   0x0800a2fd   Thumb Code    84  jawd_speed.o(i.setacc)
    setdcc                                   0x0800a36d   Thumb Code    84  jawd_speed.o(i.setdcc)
    setspeed_1                               0x0800a3dd   Thumb Code    92  jawd_speed.o(i.setspeed_1)
    setspeed_2                               0x0800a459   Thumb Code    92  jawd_speed.o(i.setspeed_2)
    write_SDO                                0x0800a645   Thumb Code   164  canopen_operate.o(i.write_SDO)
    AHBPrescTable                            0x0800a6e8   Data          16  system_stm32f4xx.o(.constdata)
    APBPrescTable                            0x0800a6f8   Data           8  system_stm32f4xx.o(.constdata)
    ModbusBaudRate                           0x0800ae14   Data          64  modbus_slave.o(.constdata)
    s_CRCLo                                  0x0800af54   Data         256  user_lib.o(.constdata)
    EventRecorderInfo                        0x0800b054   Data          24  eventrecorder.o(.constdata)
    Region$$Table$$Base                      0x0800b06c   Number         0  anon$$obj.o(Region$$Table)
    Region$$Table$$Limit                     0x0800b08c   Number         0  anon$$obj.o(Region$$Table)
    uwTick                                   0x20000000   Data           4  stm32f4xx_hal.o(.data)
    uwTickPrio                               0x20000004   Data           4  stm32f4xx_hal.o(.data)
    uwTickFreq                               0x20000008   Data           1  stm32f4xx_hal.o(.data)
    SystemCoreClock                          0x2000000c   Data           4  system_stm32f4xx.o(.data)
    canopenNodeSTM32                         0x20000010   Data           4  co_app_stm32.o(.data)
    CO                                       0x20000014   Data           4  co_app_stm32.o(.data)
    time_old                                 0x20000018   Data           4  co_app_stm32.o(.data)
    time_current                             0x2000001c   Data           4  co_app_stm32.o(.data)
    err                                      0x20000020   Data           1  co_app_stm32.o(.data)
    OD_PERSIST_COMM                          0x20000030   Data         504  od.o(.data)
    OD_RAM                                   0x20000228   Data          52  od.o(.data)
    OD                                       0x200003fc   Data           4  od.o(.data)
    motorspeed_state                         0x20000400   Data           3  jawd_speed.o(.data)
    g_uiReadSize                             0x20000404   Data           4  jawd_speed.o(.data)
    NMT_STATE                                0x20000408   Data           1  canopen_operate.o(.data)
    __stdout                                 0x20000420   Data           4  stdout.o(.data)
    __microlib_freelist                      0x20000424   Data           4  mvars.o(.data)
    __microlib_freelist_initialised          0x20000428   Data           4  mvars.o(.data)
    hcan1                                    0x2000042c   Data          40  can.o(.bss)
    htim7                                    0x20000454   Data          72  tim.o(.bss)
    huart4                                   0x2000049c   Data          68  usart.o(.bss)
    htim6                                    0x200004e0   Data          72  stm32f4xx_hal_timebase_tim.o(.bss)
    g_ucTempBuf                              0x2000055c   Data          20  jawd_speed.o(.bss)
    s_tKey                                   0x20000570   Data          12  key.o(.bss)
    g_tModS                                  0x20000da8   Data         163  modbus_slave.o(.bss)
    g_tVar                                   0x20000e4c   Data          32  modbus_slave.o(.bss)
    g_tMsg                                   0x20000e6c   Data         324  modbus_msg.o(.bss)
    __heap_base                              0x20001468   Data           0  startup_stm32f407xx.o(HEAP)
    __heap_limit                             0x20005468   Data           0  startup_stm32f407xx.o(HEAP)
    __initial_sp                             0x20007468   Data           0  startup_stm32f407xx.o(STACK)



==============================================================================

Memory Map of the image

  Image Entry point : 0x08000189

  Load Region LR_IROM1 (Base: 0x08000000, Size: 0x0000b4b8, Max: 0x00080000, ABSOLUTE, COMPRESSED[0x0000b1c0])

    Execution Region ER_IROM1 (Exec base: 0x08000000, Load base: 0x08000000, Size: 0x0000b08c, Max: 0x00080000, ABSOLUTE)

    Exec Addr    Load Addr    Size         Type   Attr      Idx    E Section Name        Object

    0x08000000   0x08000000   0x00000188   Data   RO            3    RESET               startup_stm32f407xx.o
    0x08000188   0x08000188   0x00000000   Code   RO         5692  * .ARM.Collect$$$$00000000  mc_w.l(entry.o)
    0x08000188   0x08000188   0x00000004   Code   RO         6005    .ARM.Collect$$$$00000001  mc_w.l(entry2.o)
    0x0800018c   0x0800018c   0x00000004   Code   RO         6008    .ARM.Collect$$$$00000004  mc_w.l(entry5.o)
    0x08000190   0x08000190   0x00000000   Code   RO         6010    .ARM.Collect$$$$00000008  mc_w.l(entry7b.o)
    0x08000190   0x08000190   0x00000000   Code   RO         6012    .ARM.Collect$$$$0000000A  mc_w.l(entry8b.o)
    0x08000190   0x08000190   0x00000008   Code   RO         6013    .ARM.Collect$$$$0000000B  mc_w.l(entry9a.o)
    0x08000198   0x08000198   0x00000000   Code   RO         6015    .ARM.Collect$$$$0000000D  mc_w.l(entry10a.o)
    0x08000198   0x08000198   0x00000000   Code   RO         6017    .ARM.Collect$$$$0000000F  mc_w.l(entry11a.o)
    0x08000198   0x08000198   0x00000004   Code   RO         6006    .ARM.Collect$$$$00002712  mc_w.l(entry2.o)
    0x0800019c   0x0800019c   0x00000024   Code   RO            4    .text               startup_stm32f407xx.o
    0x080001c0   0x080001c0   0x00000062   Code   RO         5698    .text               mc_w.l(uldiv.o)
    0x08000222   0x08000222   0x00000040   Code   RO         5704    .text               mc_w.l(memmovea.o)
    0x08000262   0x08000262   0x00000024   Code   RO         5706    .text               mc_w.l(memseta.o)
    0x08000286   0x08000286   0x0000000e   Code   RO         5708    .text               mc_w.l(strlen.o)
    0x08000294   0x08000294   0x0000001c   Code   RO         6003    .text               mc_w.l(calloc.o)
    0x080002b0   0x080002b0   0x0000001e   Code   RO         6021    .text               mc_w.l(llshl.o)
    0x080002ce   0x080002ce   0x00000020   Code   RO         6023    .text               mc_w.l(llushr.o)
    0x080002ee   0x080002ee   0x00000002   PAD
    0x080002f0   0x080002f0   0x00000024   Code   RO         6038    .text               mc_w.l(init.o)
    0x08000314   0x08000314   0x00000056   Code   RO         6052    .text               mc_w.l(__dczerorl2.o)
    0x0800036a   0x0800036a   0x0000000c   Code   RO         5424    i.BEBufToUint16     user_lib.o
    0x08000376   0x08000376   0x00000004   Code   RO          451    i.BusFault_Handler  stm32f4xx_it.o
    0x0800037a   0x0800037a   0x00000002   PAD
    0x0800037c   0x0800037c   0x00000010   Code   RO          452    i.CAN1_RX0_IRQHandler  stm32f4xx_it.o
    0x0800038c   0x0800038c   0x00000010   Code   RO          453    i.CAN1_RX1_IRQHandler  stm32f4xx_it.o
    0x0800039c   0x0800039c   0x00000010   Code   RO          454    i.CAN1_TX_IRQHandler  stm32f4xx_it.o
    0x080003ac   0x080003ac   0x00000074   Code   RO         4720    i.CO_CANclearPendingSyncPDOs  co_driver_stm32.o
    0x08000420   0x08000420   0x00000036   Code   RO         4522    i.CO_CANinit        canopen.o
    0x08000456   0x08000456   0x00000060   Code   RO         4721    i.CO_CANinterrupt_TX  co_driver_stm32.o
    0x080004b6   0x080004b6   0x00000014   Code   RO         4722    i.CO_CANmodule_disable  co_driver_stm32.o
    0x080004ca   0x080004ca   0x00000002   PAD
    0x080004cc   0x080004cc   0x00000104   Code   RO         4723    i.CO_CANmodule_init  co_driver_stm32.o
    0x080005d0   0x080005d0   0x00000048   Code   RO         4724    i.CO_CANmodule_process  co_driver_stm32.o
    0x08000618   0x08000618   0x00000234   Code   RO         4523    i.CO_CANopenInit    canopen.o
    0x0800084c   0x0800084c   0x00000130   Code   RO         4524    i.CO_CANopenInitPDO  canopen.o
    0x0800097c   0x0800097c   0x00000068   Code   RO         4725    i.CO_CANrxBufferInit  co_driver_stm32.o
    0x080009e4   0x080009e4   0x00000050   Code   RO         4726    i.CO_CANsend        co_driver_stm32.o
    0x08000a34   0x08000a34   0x0000000e   Code   RO         4727    i.CO_CANsetConfigurationMode  co_driver_stm32.o
    0x08000a42   0x08000a42   0x00000018   Code   RO         4728    i.CO_CANsetNormalMode  co_driver_stm32.o
    0x08000a5a   0x08000a5a   0x0000003c   Code   RO         4729    i.CO_CANtxBufferInit  co_driver_stm32.o
    0x08000a96   0x08000a96   0x00000002   PAD
    0x08000a98   0x08000a98   0x00000150   Code   RO         3442    i.CO_EM_init        co_emergency.o
    0x08000be8   0x08000be8   0x000001a6   Code   RO         3443    i.CO_EM_process     co_emergency.o
    0x08000d8e   0x08000d8e   0x0000001c   Code   RO         3577    i.CO_HBcons_receive  co_hbconsumer.o
    0x08000daa   0x08000daa   0x00000002   PAD
    0x08000dac   0x08000dac   0x00000114   Code   RO         3578    i.CO_HBconsumer_init  co_hbconsumer.o
    0x08000ec0   0x08000ec0   0x000000d4   Code   RO         3579    i.CO_HBconsumer_initEntry  co_hbconsumer.o
    0x08000f94   0x08000f94   0x0000011c   Code   RO         3580    i.CO_HBconsumer_process  co_hbconsumer.o
    0x080010b0   0x080010b0   0x00000016   Code   RO         4277    i.CO_LEDs_init      co_leds.o
    0x080010c6   0x080010c6   0x0000026a   Code   RO         4278    i.CO_LEDs_process   co_leds.o
    0x08001330   0x08001330   0x00000048   Code   RO         4525    i.CO_LSSinit        canopen.o
    0x08001378   0x08001378   0x000000b4   Code   RO         4375    i.CO_LSSslave_init  co_lssslave.o
    0x0800142c   0x0800142c   0x00000200   Code   RO         4379    i.CO_LSSslave_process  co_lssslave.o
    0x0800162c   0x0800162c   0x000001a4   Code   RO         4380    i.CO_LSSslave_receive  co_lssslave.o
    0x080017d0   0x080017d0   0x0000000e   Code   RO         4526    i.CO_NMT_getInternalState  canopen.o
    0x080017de   0x080017de   0x00000002   PAD
    0x080017e0   0x080017e0   0x00000154   Code   RO         3639    i.CO_NMT_init       co_nmt_heartbeat.o
    0x08001934   0x08001934   0x00000144   Code   RO         3640    i.CO_NMT_process    co_nmt_heartbeat.o
    0x08001a78   0x08001a78   0x0000001c   Code   RO         3641    i.CO_NMT_receive    co_nmt_heartbeat.o
    0x08001a94   0x08001a94   0x0000002c   Code   RO         3642    i.CO_NMT_sendCommand  co_nmt_heartbeat.o
    0x08001ac0   0x08001ac0   0x0000008e   Code   RO         3787    i.CO_PDO_receive    co_pdo.o
    0x08001b4e   0x08001b4e   0x00000002   PAD
    0x08001b50   0x08001b50   0x000001e4   Code   RO         3788    i.CO_RPDO_init      co_pdo.o
    0x08001d34   0x08001d34   0x000001c6   Code   RO         3789    i.CO_RPDO_process   co_pdo.o
    0x08001efa   0x08001efa   0x0000003e   Code   RO         4054    i.CO_SDO_receive    co_sdoserver.o
    0x08001f38   0x08001f38   0x0000025c   Code   RO         3940    i.CO_SDOclientDownload  co_sdoclient.o
    0x08002194   0x08002194   0x00000026   Code   RO         3941    i.CO_SDOclientDownloadBufWrite  co_sdoclient.o
    0x080021ba   0x080021ba   0x00000052   Code   RO         3942    i.CO_SDOclientDownloadInitiate  co_sdoclient.o
    0x0800220c   0x0800220c   0x0000022c   Code   RO         3944    i.CO_SDOclientUpload  co_sdoclient.o
    0x08002438   0x08002438   0x00000026   Code   RO         3945    i.CO_SDOclientUploadBufRead  co_sdoclient.o
    0x0800245e   0x0800245e   0x00000050   Code   RO         3946    i.CO_SDOclientUploadInitiate  co_sdoclient.o
    0x080024ae   0x080024ae   0x000000e8   Code   RO         3947    i.CO_SDOclient_init  co_sdoclient.o
    0x08002596   0x08002596   0x00000030   Code   RO         3948    i.CO_SDOclient_receive  co_sdoclient.o
    0x080025c6   0x080025c6   0x00000002   PAD
    0x080025c8   0x080025c8   0x000000ac   Code   RO         3949    i.CO_SDOclient_setup  co_sdoclient.o
    0x08002674   0x08002674   0x000001b4   Code   RO         4055    i.CO_SDOserver_init  co_sdoserver.o
    0x08002828   0x08002828   0x000000a4   Code   RO         4056    i.CO_SDOserver_init_canRxTx  co_sdoserver.o
    0x080028cc   0x080028cc   0x0000063c   Code   RO         4057    i.CO_SDOserver_process  co_sdoserver.o
    0x08002f08   0x08002f08   0x000001d0   Code   RO         4141    i.CO_SYNC_init      co_sync.o
    0x080030d8   0x080030d8   0x00000132   Code   RO         4142    i.CO_SYNC_process   co_sync.o
    0x0800320a   0x0800320a   0x0000004a   Code   RO         4143    i.CO_SYNC_receive   co_sync.o
    0x08003254   0x08003254   0x000000d4   Code   RO         4205    i.CO_TIME_init      co_time.o
    0x08003328   0x08003328   0x00000098   Code   RO         4206    i.CO_TIME_process   co_time.o
    0x080033c0   0x080033c0   0x0000001e   Code   RO         4207    i.CO_TIME_receive   co_time.o
    0x080033de   0x080033de   0x00000002   PAD
    0x080033e0   0x080033e0   0x00000230   Code   RO         3790    i.CO_TPDO_init      co_pdo.o
    0x08003610   0x08003610   0x0000016a   Code   RO         3791    i.CO_TPDO_process   co_pdo.o
    0x0800377a   0x0800377a   0x000000d8   Code   RO         3792    i.CO_TPDOsend       co_pdo.o
    0x08003852   0x08003852   0x00000078   Code   RO         4527    i.CO_delete         canopen.o
    0x080038ca   0x080038ca   0x000000e2   Code   RO         3444    i.CO_error          co_emergency.o
    0x080039ac   0x080039ac   0x00000018   Code   RO         3529    i.CO_fifo_init      co_fifo.o
    0x080039c4   0x080039c4   0x0000005c   Code   RO         3530    i.CO_fifo_read      co_fifo.o
    0x08003a20   0x08003a20   0x0000000a   Code   RO         3950    i.CO_fifo_reset     co_sdoclient.o
    0x08003a2a   0x08003a2a   0x0000005c   Code   RO         3531    i.CO_fifo_write     co_fifo.o
    0x08003a86   0x08003a86   0x00000014   Code   RO         3793    i.CO_getUint16      co_pdo.o
    0x08003a9a   0x08003a9a   0x00000012   Code   RO         3794    i.CO_getUint32      co_pdo.o
    0x08003aac   0x08003aac   0x00000012   Code   RO         4058    i.CO_getUint32      co_sdoserver.o
    0x08003abe   0x08003abe   0x00000012   Code   RO         4208    i.CO_getUint32      co_time.o
    0x08003ad0   0x08003ad0   0x00000014   Code   RO         3795    i.CO_getUint8       co_pdo.o
    0x08003ae4   0x08003ae4   0x00000024   Code   RO         3643    i.CO_isError        co_nmt_heartbeat.o
    0x08003b08   0x08003b08   0x00000024   Code   RO         4528    i.CO_isError        canopen.o
    0x08003b2c   0x08003b2c   0x0000017c   Code   RO         4530    i.CO_new            canopen.o
    0x08003ca8   0x08003ca8   0x0000016a   Code   RO         4531    i.CO_process        canopen.o
    0x08003e12   0x08003e12   0x00000050   Code   RO         4532    i.CO_process_RPDO   canopen.o
    0x08003e62   0x08003e62   0x00000066   Code   RO         4533    i.CO_process_SYNC   canopen.o
    0x08003ec8   0x08003ec8   0x0000004c   Code   RO         4534    i.CO_process_TPDO   canopen.o
    0x08003f14   0x08003f14   0x00000012   Code   RO         3445    i.CO_setUint32      co_emergency.o
    0x08003f26   0x08003f26   0x00000012   Code   RO         3796    i.CO_setUint32      co_pdo.o
    0x08003f38   0x08003f38   0x00000038   Code   RO         5427    i.CRC16_Modbus      user_lib.o
    0x08003f70   0x08003f70   0x00000014   Code   RO         5139    i.ComToUart         modbus_usart.o
    0x08003f84   0x08003f84   0x00000002   Code   RO          455    i.DebugMon_Handler  stm32f4xx_it.o
    0x08003f86   0x08003f86   0x0000001c   Code   RO          456    i.EXTI15_10_IRQHandler  stm32f4xx_it.o
    0x08003fa2   0x08003fa2   0x0000000c   Code   RO          457    i.EXTI9_5_IRQHandler  stm32f4xx_it.o
    0x08003fae   0x08003fae   0x00000006   Code   RO           13    i.Error_Handler     main.o
    0x08003fb4   0x08003fb4   0x0000002c   Code   RO         5565    i.EventGetTS        eventrecorder.o
    0x08003fe0   0x08003fe0   0x00000114   Code   RO         5569    i.EventRecordItem   eventrecorder.o
    0x080040f4   0x080040f4   0x0000005c   Code   RO         5571    i.EventRecorderEnable  eventrecorder.o
    0x08004150   0x08004150   0x000000ec   Code   RO         5572    i.EventRecorderInitialize  eventrecorder.o
    0x0800423c   0x0800423c   0x00000030   Code   RO         5573    i.EventRecorderStart  eventrecorder.o
    0x0800426c   0x0800426c   0x0000000c   Code   RO         5575    i.EventRecorderTimerGet  eventrecorder.o
    0x08004278   0x08004278   0x0000002c   Code   RO         5576    i.EventRecorderTimerInit  eventrecorder.o
    0x080042a4   0x080042a4   0x0000002a   Code   RO          639    i.HAL_CAN_ActivateNotification  stm32f4xx_hal_can.o
    0x080042ce   0x080042ce   0x00000156   Code   RO          640    i.HAL_CAN_AddTxMessage  stm32f4xx_hal_can.o
    0x08004424   0x08004424   0x00000124   Code   RO          641    i.HAL_CAN_ConfigFilter  stm32f4xx_hal_can.o
    0x08004548   0x08004548   0x00000002   Code   RO          644    i.HAL_CAN_ErrorCallback  stm32f4xx_hal_can.o
    0x0800454a   0x0800454a   0x0000017a   Code   RO          647    i.HAL_CAN_GetRxMessage  stm32f4xx_hal_can.o
    0x080046c4   0x080046c4   0x00000036   Code   RO          649    i.HAL_CAN_GetTxMailboxesFreeLevel  stm32f4xx_hal_can.o
    0x080046fa   0x080046fa   0x0000024e   Code   RO          651    i.HAL_CAN_IRQHandler  stm32f4xx_hal_can.o
    0x08004948   0x08004948   0x00000174   Code   RO          652    i.HAL_CAN_Init      stm32f4xx_hal_can.o
    0x08004abc   0x08004abc   0x000000b8   Code   RO          314    i.HAL_CAN_MspInit   can.o
    0x08004b74   0x08004b74   0x00000002   Code   RO          659    i.HAL_CAN_RxFifo0FullCallback  stm32f4xx_hal_can.o
    0x08004b76   0x08004b76   0x00000010   Code   RO         4730    i.HAL_CAN_RxFifo0MsgPendingCallback  co_driver_stm32.o
    0x08004b86   0x08004b86   0x00000002   Code   RO          661    i.HAL_CAN_RxFifo1FullCallback  stm32f4xx_hal_can.o
    0x08004b88   0x08004b88   0x00000010   Code   RO         4731    i.HAL_CAN_RxFifo1MsgPendingCallback  co_driver_stm32.o
    0x08004b98   0x08004b98   0x00000002   Code   RO          663    i.HAL_CAN_SleepCallback  stm32f4xx_hal_can.o
    0x08004b9a   0x08004b9a   0x0000005e   Code   RO          664    i.HAL_CAN_Start     stm32f4xx_hal_can.o
    0x08004bf8   0x08004bf8   0x0000006a   Code   RO          665    i.HAL_CAN_Stop      stm32f4xx_hal_can.o
    0x08004c62   0x08004c62   0x00000002   Code   RO          666    i.HAL_CAN_TxMailbox0AbortCallback  stm32f4xx_hal_can.o
    0x08004c64   0x08004c64   0x00000014   Code   RO         4732    i.HAL_CAN_TxMailbox0CompleteCallback  co_driver_stm32.o
    0x08004c78   0x08004c78   0x00000002   Code   RO          668    i.HAL_CAN_TxMailbox1AbortCallback  stm32f4xx_hal_can.o
    0x08004c7a   0x08004c7a   0x00000002   PAD
    0x08004c7c   0x08004c7c   0x00000014   Code   RO         4733    i.HAL_CAN_TxMailbox1CompleteCallback  co_driver_stm32.o
    0x08004c90   0x08004c90   0x00000002   Code   RO          670    i.HAL_CAN_TxMailbox2AbortCallback  stm32f4xx_hal_can.o
    0x08004c92   0x08004c92   0x00000002   PAD
    0x08004c94   0x08004c94   0x00000014   Code   RO         4734    i.HAL_CAN_TxMailbox2CompleteCallback  co_driver_stm32.o
    0x08004ca8   0x08004ca8   0x00000002   Code   RO          673    i.HAL_CAN_WakeUpFromRxMsgCallback  stm32f4xx_hal_can.o
    0x08004caa   0x08004caa   0x000000ac   Code   RO         1379    i.HAL_DMA_Abort     stm32f4xx_hal_dma.o
    0x08004d56   0x08004d56   0x00000028   Code   RO         1380    i.HAL_DMA_Abort_IT  stm32f4xx_hal_dma.o
    0x08004d7e   0x08004d7e   0x00000002   PAD
    0x08004d80   0x08004d80   0x00000028   Code   RO         1803    i.HAL_Delay         stm32f4xx_hal.o
    0x08004da8   0x08004da8   0x00000070   Code   RO         5052    i.HAL_GPIO_EXTI_Callback  key.o
    0x08004e18   0x08004e18   0x0000001c   Code   RO         1271    i.HAL_GPIO_EXTI_IRQHandler  stm32f4xx_hal_gpio.o
    0x08004e34   0x08004e34   0x000001f0   Code   RO         1272    i.HAL_GPIO_Init     stm32f4xx_hal_gpio.o
    0x08005024   0x08005024   0x00000010   Code   RO         1274    i.HAL_GPIO_ReadPin  stm32f4xx_hal_gpio.o
    0x08005034   0x08005034   0x0000000c   Code   RO         1276    i.HAL_GPIO_WritePin  stm32f4xx_hal_gpio.o
    0x08005040   0x08005040   0x0000000c   Code   RO         1809    i.HAL_GetTick       stm32f4xx_hal.o
    0x0800504c   0x0800504c   0x00000018   Code   RO         1815    i.HAL_IncTick       stm32f4xx_hal.o
    0x08005064   0x08005064   0x0000003c   Code   RO         1816    i.HAL_Init          stm32f4xx_hal.o
    0x080050a0   0x080050a0   0x0000008c   Code   RO          599    i.HAL_InitTick      stm32f4xx_hal_timebase_tim.o
    0x0800512c   0x0800512c   0x00000048   Code   RO          575    i.HAL_MspInit       stm32f4xx_hal_msp.o
    0x08005174   0x08005174   0x00000020   Code   RO         1661    i.HAL_NVIC_EnableIRQ  stm32f4xx_hal_cortex.o
    0x08005194   0x08005194   0x0000007c   Code   RO         1667    i.HAL_NVIC_SetPriority  stm32f4xx_hal_cortex.o
    0x08005210   0x08005210   0x00000028   Code   RO         1668    i.HAL_NVIC_SetPriorityGrouping  stm32f4xx_hal_cortex.o
    0x08005238   0x08005238   0x00000044   Code   RO         1669    i.HAL_NVIC_SystemReset  stm32f4xx_hal_cortex.o
    0x0800527c   0x0800527c   0x00000184   Code   RO          873    i.HAL_RCC_ClockConfig  stm32f4xx_hal_rcc.o
    0x08005400   0x08005400   0x00000044   Code   RO          877    i.HAL_RCC_GetClockConfig  stm32f4xx_hal_rcc.o
    0x08005444   0x08005444   0x0000000c   Code   RO          878    i.HAL_RCC_GetHCLKFreq  stm32f4xx_hal_rcc.o
    0x08005450   0x08005450   0x00000020   Code   RO          880    i.HAL_RCC_GetPCLK1Freq  stm32f4xx_hal_rcc.o
    0x08005470   0x08005470   0x00000020   Code   RO          881    i.HAL_RCC_GetPCLK2Freq  stm32f4xx_hal_rcc.o
    0x08005490   0x08005490   0x000000b0   Code   RO          882    i.HAL_RCC_GetSysClockFreq  stm32f4xx_hal_rcc.o
    0x08005540   0x08005540   0x0000049c   Code   RO          885    i.HAL_RCC_OscConfig  stm32f4xx_hal_rcc.o
    0x080059dc   0x080059dc   0x00000002   Code   RO         2771    i.HAL_TIMEx_BreakCallback  stm32f4xx_hal_tim_ex.o
    0x080059de   0x080059de   0x00000002   Code   RO         2772    i.HAL_TIMEx_CommutCallback  stm32f4xx_hal_tim_ex.o
    0x080059e0   0x080059e0   0x000000b4   Code   RO         2790    i.HAL_TIMEx_MasterConfigSynchronization  stm32f4xx_hal_tim_ex.o
    0x08005a94   0x08005a94   0x00000066   Code   RO         2056    i.HAL_TIM_Base_Init  stm32f4xx_hal_tim.o
    0x08005afa   0x08005afa   0x00000002   PAD
    0x08005afc   0x08005afc   0x00000048   Code   RO          356    i.HAL_TIM_Base_MspInit  tim.o
    0x08005b44   0x08005b44   0x0000009c   Code   RO         2059    i.HAL_TIM_Base_Start  stm32f4xx_hal_tim.o
    0x08005be0   0x08005be0   0x000000a8   Code   RO         2061    i.HAL_TIM_Base_Start_IT  stm32f4xx_hal_tim.o
    0x08005c88   0x08005c88   0x0000003e   Code   RO         2064    i.HAL_TIM_Base_Stop_IT  stm32f4xx_hal_tim.o
    0x08005cc6   0x08005cc6   0x00000002   Code   RO         2090    i.HAL_TIM_IC_CaptureCallback  stm32f4xx_hal_tim.o
    0x08005cc8   0x08005cc8   0x00000196   Code   RO         2104    i.HAL_TIM_IRQHandler  stm32f4xx_hal_tim.o
    0x08005e5e   0x08005e5e   0x00000002   Code   RO         2107    i.HAL_TIM_OC_DelayElapsedCallback  stm32f4xx_hal_tim.o
    0x08005e60   0x08005e60   0x00000002   Code   RO         2134    i.HAL_TIM_PWM_PulseFinishedCallback  stm32f4xx_hal_tim.o
    0x08005e62   0x08005e62   0x00000002   PAD
    0x08005e64   0x08005e64   0x00000028   Code   RO           14    i.HAL_TIM_PeriodElapsedCallback  main.o
    0x08005e8c   0x08005e8c   0x00000002   Code   RO         2147    i.HAL_TIM_TriggerCallback  stm32f4xx_hal_tim.o
    0x08005e8e   0x08005e8e   0x00000002   Code   RO         3049    i.HAL_UARTEx_RxEventCallback  stm32f4xx_hal_uart.o
    0x08005e90   0x08005e90   0x00000002   Code   RO         3063    i.HAL_UART_ErrorCallback  stm32f4xx_hal_uart.o
    0x08005e92   0x08005e92   0x00000002   PAD
    0x08005e94   0x08005e94   0x000002e0   Code   RO         3066    i.HAL_UART_IRQHandler  stm32f4xx_hal_uart.o
    0x08006174   0x08006174   0x00000072   Code   RO         3067    i.HAL_UART_Init     stm32f4xx_hal_uart.o
    0x080061e6   0x080061e6   0x00000002   PAD
    0x080061e8   0x080061e8   0x00000098   Code   RO          398    i.HAL_UART_MspInit  usart.o
    0x08006280   0x08006280   0x00000002   Code   RO         3073    i.HAL_UART_RxCpltCallback  stm32f4xx_hal_uart.o
    0x08006282   0x08006282   0x000000d2   Code   RO         3075    i.HAL_UART_Transmit  stm32f4xx_hal_uart.o
    0x08006354   0x08006354   0x00000002   Code   RO         3078    i.HAL_UART_TxCpltCallback  stm32f4xx_hal_uart.o
    0x08006356   0x08006356   0x00000004   Code   RO          458    i.HardFault_Handler  stm32f4xx_it.o
    0x0800635a   0x0800635a   0x00000002   PAD
    0x0800635c   0x0800635c   0x000000e8   Code   RO         5140    i.InitHardUart      modbus_usart.o
    0x08006444   0x08006444   0x000001b0   Code   RO         5305    i.MODS_01H          modbus_slave.o
    0x080065f4   0x080065f4   0x00000114   Code   RO         5306    i.MODS_02H          modbus_slave.o
    0x08006708   0x08006708   0x00000130   Code   RO         5307    i.MODS_03H          modbus_slave.o
    0x08006838   0x08006838   0x00000150   Code   RO         5308    i.MODS_04H          modbus_slave.o
    0x08006988   0x08006988   0x000000c4   Code   RO         5309    i.MODS_05H          modbus_slave.o
    0x08006a4c   0x08006a4c   0x00000064   Code   RO         5310    i.MODS_06H          modbus_slave.o
    0x08006ab0   0x08006ab0   0x0000008c   Code   RO         5311    i.MODS_10H          modbus_slave.o
    0x08006b3c   0x08006b3c   0x000000a4   Code   RO         5312    i.MODS_AnalyzeApp   modbus_slave.o
    0x08006be0   0x08006be0   0x0000004c   Code   RO         5313    i.MODS_Poll         modbus_slave.o
    0x08006c2c   0x08006c2c   0x000000b8   Code   RO         5314    i.MODS_ReadRegValue  modbus_slave.o
    0x08006ce4   0x08006ce4   0x00000060   Code   RO         5315    i.MODS_ReciveNew    modbus_slave.o
    0x08006d44   0x08006d44   0x0000000c   Code   RO         5316    i.MODS_RxTimeOut    modbus_slave.o
    0x08006d50   0x08006d50   0x0000002c   Code   RO         5317    i.MODS_SendAckErr   modbus_slave.o
    0x08006d7c   0x08006d7c   0x00000024   Code   RO         5318    i.MODS_SendAckOk    modbus_slave.o
    0x08006da0   0x08006da0   0x00000040   Code   RO         5319    i.MODS_SendWithCRC  modbus_slave.o
    0x08006de0   0x08006de0   0x00000088   Code   RO         5320    i.MODS_WriteRegValue  modbus_slave.o
    0x08006e68   0x08006e68   0x00000078   Code   RO          315    i.MX_CAN1_Init      can.o
    0x08006ee0   0x08006ee0   0x0000010c   Code   RO          289    i.MX_GPIO_Init      gpio.o
    0x08006fec   0x08006fec   0x0000004c   Code   RO          357    i.MX_TIM7_Init      tim.o
    0x08007038   0x08007038   0x00000038   Code   RO          399    i.MX_UART4_Init     usart.o
    0x08007070   0x08007070   0x00000004   Code   RO          459    i.MemManage_Handler  stm32f4xx_it.o
    0x08007074   0x08007074   0x00000004   Code   RO          460    i.NMI_Handler       stm32f4xx_it.o
    0x08007078   0x08007078   0x0000000e   Code   RO         3446    i.OD_extension_init  co_emergency.o
    0x08007086   0x08007086   0x0000000e   Code   RO         3797    i.OD_extension_init  co_pdo.o
    0x08007094   0x08007094   0x0000000e   Code   RO         4144    i.OD_extension_init  co_sync.o
    0x080070a2   0x080070a2   0x0000006a   Code   RO         3707    i.OD_find           co_odinterface.o
    0x0800710c   0x0800710c   0x0000000c   Code   RO         3447    i.OD_getIndex       co_emergency.o
    0x08007118   0x08007118   0x0000000c   Code   RO         3581    i.OD_getIndex       co_hbconsumer.o
    0x08007124   0x08007124   0x0000000c   Code   RO         3644    i.OD_getIndex       co_nmt_heartbeat.o
    0x08007130   0x08007130   0x0000000c   Code   RO         3798    i.OD_getIndex       co_pdo.o
    0x0800713c   0x0800713c   0x0000000c   Code   RO         3951    i.OD_getIndex       co_sdoclient.o
    0x08007148   0x08007148   0x0000000c   Code   RO         4145    i.OD_getIndex       co_sync.o
    0x08007154   0x08007154   0x00000048   Code   RO         3708    i.OD_getPtr         co_odinterface.o
    0x0800719c   0x0800719c   0x0000001c   Code   RO         3709    i.OD_getSDOabCode   co_odinterface.o
    0x080071b8   0x080071b8   0x00000124   Code   RO         3710    i.OD_getSub         co_odinterface.o
    0x080072dc   0x080072dc   0x0000001a   Code   RO         3799    i.OD_get_u16        co_pdo.o
    0x080072f6   0x080072f6   0x0000001a   Code   RO         3800    i.OD_get_u32        co_pdo.o
    0x08007310   0x08007310   0x0000001a   Code   RO         3952    i.OD_get_u32        co_sdoclient.o
    0x0800732a   0x0800732a   0x0000001a   Code   RO         4059    i.OD_get_u32        co_sdoserver.o
    0x08007344   0x08007344   0x0000001a   Code   RO         3801    i.OD_get_u8         co_pdo.o
    0x0800735e   0x0800735e   0x0000001a   Code   RO         3953    i.OD_get_u8         co_sdoclient.o
    0x08007378   0x08007378   0x00000050   Code   RO         3711    i.OD_get_value      co_odinterface.o
    0x080073c8   0x080073c8   0x00000018   Code   RO         4060    i.OD_mappable       co_sdoserver.o
    0x080073e0   0x080073e0   0x00000008   Code   RO         3712    i.OD_readDisabled   co_odinterface.o
    0x080073e8   0x080073e8   0x00000070   Code   RO         3713    i.OD_readOriginal   co_odinterface.o
    0x08007458   0x08007458   0x00000098   Code   RO         3448    i.OD_read_1003      co_emergency.o
    0x080074f0   0x080074f0   0x0000004c   Code   RO         3449    i.OD_read_1014_default  co_emergency.o
    0x0800753c   0x0800753c   0x00000074   Code   RO         3802    i.OD_read_PDO_commParam  co_pdo.o
    0x080075b0   0x080075b0   0x0000002e   Code   RO         3803    i.OD_read_dummy     co_pdo.o
    0x080075de   0x080075de   0x0000001c   Code   RO         4061    i.OD_set_u32        co_sdoserver.o
    0x080075fa   0x080075fa   0x0000004a   Code   RO         3714    i.OD_set_value      co_odinterface.o
    0x08007644   0x08007644   0x00000008   Code   RO         3715    i.OD_writeDisabled  co_odinterface.o
    0x0800764c   0x0800764c   0x00000078   Code   RO         3716    i.OD_writeOriginal  co_odinterface.o
    0x080076c4   0x080076c4   0x00000048   Code   RO         3450    i.OD_write_1003     co_emergency.o
    0x0800770c   0x0800770c   0x00000120   Code   RO         4146    i.OD_write_1005     co_sync.o
    0x0800782c   0x0800782c   0x0000009c   Code   RO         4209    i.OD_write_1012     co_time.o
    0x080078c8   0x080078c8   0x00000074   Code   RO         3582    i.OD_write_1016     co_hbconsumer.o
    0x0800793c   0x0800793c   0x00000050   Code   RO         3645    i.OD_write_1017     co_nmt_heartbeat.o
    0x0800798c   0x0800798c   0x0000008c   Code   RO         4147    i.OD_write_1019     co_sync.o
    0x08007a18   0x08007a18   0x0000019c   Code   RO         4062    i.OD_write_1201_additional  co_sdoserver.o
    0x08007bb4   0x08007bb4   0x000001a0   Code   RO         3804    i.OD_write_14xx     co_pdo.o
    0x08007d54   0x08007d54   0x000001c0   Code   RO         3805    i.OD_write_18xx     co_pdo.o
    0x08007f14   0x08007f14   0x000000c8   Code   RO         3806    i.OD_write_PDO_mapping  co_pdo.o
    0x08007fdc   0x08007fdc   0x0000000c   Code   RO         3807    i.OD_write_dummy    co_pdo.o
    0x08007fe8   0x08007fe8   0x000000f8   Code   RO         3808    i.PDO_initMapping   co_pdo.o
    0x080080e0   0x080080e0   0x00000100   Code   RO         3809    i.PDOconfigMap      co_pdo.o
    0x080081e0   0x080081e0   0x00000002   Code   RO          461    i.PendSV_Handler    stm32f4xx_it.o
    0x080081e2   0x080081e2   0x00000002   PAD
    0x080081e4   0x080081e4   0x00000048   Code   RO         5141    i.RS485_InitTXE     modbus_usart.o
    0x0800822c   0x0800822c   0x0000000c   Code   RO         5142    i.RS485_ReciveNew   modbus_usart.o
    0x08008238   0x08008238   0x0000000c   Code   RO         5143    i.RS485_SendBefor   modbus_usart.o
    0x08008244   0x08008244   0x00000012   Code   RO         5144    i.RS485_SendBuf     modbus_usart.o
    0x08008256   0x08008256   0x00000002   PAD
    0x08008258   0x08008258   0x00000010   Code   RO         5145    i.RS485_SendOver    modbus_usart.o
    0x08008268   0x08008268   0x00000002   Code   RO          462    i.SVC_Handler       stm32f4xx_it.o
    0x0800826a   0x0800826a   0x00000002   PAD
    0x0800826c   0x0800826c   0x0000003c   Code   RO         5008    i.SendNMTCommand    canopen_operate.o
    0x080082a8   0x080082a8   0x00000002   Code   RO          463    i.SysTick_Handler   stm32f4xx_it.o
    0x080082aa   0x080082aa   0x00000002   PAD
    0x080082ac   0x080082ac   0x000000b4   Code   RO           15    i.SystemClock_Config  main.o
    0x08008360   0x08008360   0x00000014   Code   RO         3406    i.SystemInit        system_stm32f4xx.o
    0x08008374   0x08008374   0x000000b4   Code   RO         5100    i.TIM2_IRQHandler   modbus_tim.o
    0x08008428   0x08008428   0x00000010   Code   RO          464    i.TIM6_DAC_IRQHandler  stm32f4xx_it.o
    0x08008438   0x08008438   0x00000010   Code   RO          465    i.TIM7_IRQHandler   stm32f4xx_it.o
    0x08008448   0x08008448   0x000000d8   Code   RO         2149    i.TIM_Base_SetConfig  stm32f4xx_hal_tim.o
    0x08008520   0x08008520   0x00000010   Code   RO          466    i.UART4_IRQHandler  stm32f4xx_it.o
    0x08008530   0x08008530   0x00000014   Code   RO         3080    i.UART_DMAAbortOnError  stm32f4xx_hal_uart.o
    0x08008544   0x08008544   0x0000006c   Code   RO         3090    i.UART_EndRxTransfer  stm32f4xx_hal_uart.o
    0x080085b0   0x080085b0   0x00000020   Code   RO         3091    i.UART_EndTransmit_IT  stm32f4xx_hal_uart.o
    0x080085d0   0x080085d0   0x000000f8   Code   RO         3093    i.UART_Receive_IT   stm32f4xx_hal_uart.o
    0x080086c8   0x080086c8   0x0000022c   Code   RO         3094    i.UART_SetConfig    stm32f4xx_hal_uart.o
    0x080088f4   0x080088f4   0x00000060   Code   RO         3097    i.UART_Transmit_IT  stm32f4xx_hal_uart.o
    0x08008954   0x08008954   0x00000092   Code   RO         3098    i.UART_WaitOnFlagUntilTimeout  stm32f4xx_hal_uart.o
    0x080089e6   0x080089e6   0x00000002   PAD
    0x080089e8   0x080089e8   0x00000010   Code   RO         5148    i.USART3_IRQHandler  modbus_usart.o
    0x080089f8   0x080089f8   0x000000f6   Code   RO         5150    i.UartIRQ           modbus_usart.o
    0x08008aee   0x08008aee   0x00000092   Code   RO         5151    i.UartSend          modbus_usart.o
    0x08008b80   0x08008b80   0x00000054   Code   RO         5153    i.UartVarInit       modbus_usart.o
    0x08008bd4   0x08008bd4   0x00000004   Code   RO          467    i.UsageFault_Handler  stm32f4xx_it.o
    0x08008bd8   0x08008bd8   0x00000020   Code   RO         5847    i.__0printf$5       mc_w.l(printf5.o)
    0x08008bf8   0x08008bf8   0x00000010   Code   RO         1674    i.__NVIC_GetPriorityGrouping  stm32f4xx_hal_cortex.o
    0x08008c08   0x08008c08   0x00000028   Code   RO         1675    i.__NVIC_SetPriority  stm32f4xx_hal_cortex.o
    0x08008c30   0x08008c30   0x0000000e   Code   RO         6046    i.__scatterload_copy  mc_w.l(handlers.o)
    0x08008c3e   0x08008c3e   0x00000002   Code   RO         6047    i.__scatterload_null  mc_w.l(handlers.o)
    0x08008c40   0x08008c40   0x0000000e   Code   RO         6048    i.__scatterload_zeroinit  mc_w.l(handlers.o)
    0x08008c4e   0x08008c4e   0x00000006   Code   RO         5154    i.__set_PRIMASK     modbus_usart.o
    0x08008c54   0x08008c54   0x000002c0   Code   RO         5854    i._printf_core      mc_w.l(printf5.o)
    0x08008f14   0x08008f14   0x00000014   Code   RO         5578    i.atomic_inc32      eventrecorder.o
    0x08008f28   0x08008f28   0x00000012   Code   RO         5580    i.atomic_xch32      eventrecorder.o
    0x08008f3a   0x08008f3a   0x00000002   PAD
    0x08008f3c   0x08008f3c   0x00000030   Code   RO         5053    i.bsp_GetKey        key.o
    0x08008f6c   0x08008f6c   0x0000004c   Code   RO         5523    i.bsp_GetMsg        modbus_msg.o
    0x08008fb8   0x08008fb8   0x00000098   Code   RO         5101    i.bsp_InitHardTimer  modbus_tim.o
    0x08009050   0x08009050   0x00000010   Code   RO         5155    i.bsp_InitUart      modbus_usart.o
    0x08009060   0x08009060   0x00000030   Code   RO         5054    i.bsp_PutKey        key.o
    0x08009090   0x08009090   0x00000038   Code   RO         5526    i.bsp_PutMsg        modbus_msg.o
    0x080090c8   0x080090c8   0x00000036   Code   RO         5156    i.bsp_SetUartParam  modbus_usart.o
    0x080090fe   0x080090fe   0x00000002   PAD
    0x08009100   0x08009100   0x0000008c   Code   RO         5102    i.bsp_StartHardTimer  modbus_tim.o
    0x0800918c   0x0800918c   0x00000090   Code   RO         4646    i.canopen_app_init  co_app_stm32.o
    0x0800921c   0x0800921c   0x00000070   Code   RO         4647    i.canopen_app_interrupt  co_app_stm32.o
    0x0800928c   0x0800928c   0x000000f8   Code   RO         4648    i.canopen_app_process  co_app_stm32.o
    0x08009384   0x08009384   0x000002f8   Code   RO         4649    i.canopen_app_resetCommunication  co_app_stm32.o
    0x0800967c   0x0800967c   0x0000002e   Code   RO         5160    i.comSendBuf        modbus_usart.o
    0x080096aa   0x080096aa   0x00000042   Code   RO         5581    i.crc16_ccitt       eventrecorder.o
    0x080096ec   0x080096ec   0x00000204   Code   RO         4892    i.enable_motor      jawd_speed.o
    0x080098f0   0x080098f0   0x0000001c   Code   RO          401    i.fputc             usart.o
    0x0800990c   0x0800990c   0x00000050   Code   RO         5975    i.free              mc_w.l(malloc.o)
    0x0800995c   0x0800995c   0x00000008   Code   RO         5055    i.key_fifoinit      key.o
    0x08009964   0x08009964   0x00000104   Code   RO           16    i.main              main.o
    0x08009a68   0x08009a68   0x0000006c   Code   RO         5976    i.malloc            mc_w.l(malloc.o)
    0x08009ad4   0x08009ad4   0x000000a0   Code   RO         4893    i.motor_05h         jawd_speed.o
    0x08009b74   0x08009b74   0x00000254   Code   RO         4894    i.motorspeed_init   jawd_speed.o
    0x08009dc8   0x08009dc8   0x000000b0   Code   RO         4895    i.motorstart        jawd_speed.o
    0x08009e78   0x08009e78   0x00000088   Code   RO         4896    i.motorstop         jawd_speed.o
    0x08009f00   0x08009f00   0x00000098   Code   RO         4735    i.prv_read_can_received_msg  co_driver_stm32.o
    0x08009f98   0x08009f98   0x0000005c   Code   RO         4736    i.prv_send_can_message  co_driver_stm32.o
    0x08009ff4   0x08009ff4   0x00000118   Code   RO         4063    i.readFromOd        co_sdoserver.o
    0x0800a10c   0x0800a10c   0x00000094   Code   RO         5009    i.read_SDO          canopen_operate.o
    0x0800a1a0   0x0800a1a0   0x00000040   Code   RO         4897    i.readacc           jawd_speed.o
    0x0800a1e0   0x0800a1e0   0x00000040   Code   RO         4898    i.readdcc           jawd_speed.o
    0x0800a220   0x0800a220   0x00000074   Code   RO         4899    i.readspeed         jawd_speed.o
    0x0800a294   0x0800a294   0x00000068   Code   RO         4900    i.readspeed_taget   jawd_speed.o
    0x0800a2fc   0x0800a2fc   0x00000070   Code   RO         4901    i.setacc            jawd_speed.o
    0x0800a36c   0x0800a36c   0x00000070   Code   RO         4902    i.setdcc            jawd_speed.o
    0x0800a3dc   0x0800a3dc   0x0000007c   Code   RO         4904    i.setspeed_1        jawd_speed.o
    0x0800a458   0x0800a458   0x0000007c   Code   RO         4905    i.setspeed_2        jawd_speed.o
    0x0800a4d4   0x0800a4d4   0x00000170   Code   RO         4064    i.validateAndWriteToOD  co_sdoserver.o
    0x0800a644   0x0800a644   0x000000a4   Code   RO         5010    i.write_SDO         canopen_operate.o
    0x0800a6e8   0x0800a6e8   0x00000018   Data   RO         3407    .constdata          system_stm32f4xx.o
    0x0800a700   0x0800a700   0x00000068   Data   RO         3717    .constdata          co_odinterface.o
    0x0800a768   0x0800a768   0x00000014   Data   RO         4381    .constdata          co_lssslave.o
    0x0800a77c   0x0800a77c   0x00000698   Data   RO         4867    .constdata          od.o
    0x0800ae14   0x0800ae14   0x00000040   Data   RO         5322    .constdata          modbus_slave.o
    0x0800ae54   0x0800ae54   0x00000200   Data   RO         5438    .constdata          user_lib.o
    0x0800b054   0x0800b054   0x00000018   Data   RO         5583    .constdata          eventrecorder.o
    0x0800b06c   0x0800b06c   0x00000020   Data   RO         6044    Region$$Table       anon$$obj.o


    Execution Region RW_IRAM1 (Exec base: 0x20000000, Load base: 0x0800b08c, Size: 0x00007468, Max: 0x0001c000, ABSOLUTE, COMPRESSED[0x00000134])

    Exec Addr    Load Addr    Size         Type   Attr      Idx    E Section Name        Object

    0x20000000   COMPRESSED   0x00000009   Data   RW         1823    .data               stm32f4xx_hal.o
    0x20000009   COMPRESSED   0x00000003   PAD
    0x2000000c   COMPRESSED   0x00000004   Data   RW         3408    .data               system_stm32f4xx.o
    0x20000010   COMPRESSED   0x00000011   Data   RW         4651    .data               co_app_stm32.o
    0x20000021   COMPRESSED   0x00000003   PAD
    0x20000024   COMPRESSED   0x0000000a   Data   RW         4739    .data               co_driver_stm32.o
    0x2000002e   COMPRESSED   0x00000002   PAD
    0x20000030   COMPRESSED   0x000003d0   Data   RW         4868    .data               od.o
    0x20000400   COMPRESSED   0x00000008   Data   RW         4908    .data               jawd_speed.o
    0x20000408   COMPRESSED   0x00000001   Data   RW         5012    .data               canopen_operate.o
    0x20000409   COMPRESSED   0x00000003   PAD
    0x2000040c   COMPRESSED   0x00000010   Data   RW         5103    .data               modbus_tim.o
    0x2000041c   COMPRESSED   0x00000001   Data   RW         5323    .data               modbus_slave.o
    0x2000041d   COMPRESSED   0x00000003   PAD
    0x20000420   COMPRESSED   0x00000004   Data   RW         5697    .data               mc_w.l(stdout.o)
    0x20000424   COMPRESSED   0x00000004   Data   RW         6025    .data               mc_w.l(mvars.o)
    0x20000428   COMPRESSED   0x00000004   Data   RW         6026    .data               mc_w.l(mvars.o)
    0x2000042c        -       0x00000028   Zero   RW          316    .bss                can.o
    0x20000454        -       0x00000048   Zero   RW          358    .bss                tim.o
    0x2000049c        -       0x00000044   Zero   RW          402    .bss                usart.o
    0x200004e0        -       0x00000048   Zero   RW          602    .bss                stm32f4xx_hal_timebase_tim.o
    0x20000528        -       0x00000034   Zero   RW         4737    .bss                co_driver_stm32.o
    0x2000055c        -       0x00000014   Zero   RW         4906    .bss                jawd_speed.o
    0x20000570        -       0x0000000c   Zero   RW         5056    .bss                key.o
    0x2000057c        -       0x0000082c   Zero   RW         5163    .bss                modbus_usart.o
    0x20000da8        -       0x000000c4   Zero   RW         5321    .bss                modbus_slave.o
    0x20000e6c        -       0x00000144   Zero   RW         5527    .bss                modbus_msg.o
    0x20000fb0   COMPRESSED   0x00000010   PAD
    0x20000fc0        -       0x000004a4   Zero   RW         5582    .bss.noinit         eventrecorder.o
    0x20001464   COMPRESSED   0x00000004   PAD
    0x20001468        -       0x00004000   Zero   RW            2    HEAP                startup_stm32f407xx.o
    0x20005468        -       0x00002000   Zero   RW            1    STACK               startup_stm32f407xx.o


    Execution Region RW_IRAM2 (Exec base: 0x2001c000, Load base: 0x0800b1c0, Size: 0x00000000, Max: 0x00004000, ABSOLUTE)

    **** No section assigned to this execution region ****


==============================================================================

Image component sizes


      Code (inc. data)   RO Data    RW Data    ZI Data      Debug   Object Name

       304         22          0          0         40       1833   can.o
      2164         10          0          0          0      27195   canopen.o
       372         24          0          1          0       3508   canopen_operate.o
      1264        522          0         17          0      13750   co_app_stm32.o
      1182         34          0         10         52      13933   co_driver_stm32.o
      1328         22          0          0          0      28708   co_emergency.o
       208          0          0          0          0       3802   co_fifo.o
         0          0          0          0          0       1720   co_gateway_ascii.o
       928         14          0          0          0      16241   co_hbconsumer.o
       640         36          0          0          0      13457   co_leds.o
      1112         16         20          0          0       6089   co_lssslave.o
       864         14          0          0          0      20476   co_nmt_heartbeat.o
       900         20        104          0          0      15203   co_odinterface.o
      4140         68          0          0          0      37866   co_pdo.o
      1924         36          0          0          0      22804   co_sdoclient.o
      3414         52          0          0          0      25255   co_sdoserver.o
         0          0          0          0          0       3308   co_srdo.o
      1298         28          0          0          0      18125   co_sync.o
       568         24          0          0          0       8437   co_time.o
       856         68         24          0       1188      11126   eventrecorder.o
       268         12          0          0          0       1071   gpio.o
      2404        728          0          8         20       9541   jawd_speed.o
       216         14          0          0         12       3575   key.o
       486         82          0          0          0     739315   main.o
       132         12          0          0        324       1759   modbus_msg.o
      2596        130         64          1        196      13217   modbus_slave.o
       472         48          0         16          0       3239   modbus_tim.o
       996         70          0          0       2092      15432   modbus_usart.o
         0          0       1688        976          0      10672   od.o
        36          8        392          0      24576        848   startup_stm32f407xx.o
       136         24          0          9          0       8814   stm32f4xx_hal.o
      2286          6          0          0          0      13621   stm32f4xx_hal_can.o
       320         30          0          0          0      34405   stm32f4xx_hal_cortex.o
       212          0          0          0          0       1991   stm32f4xx_hal_dma.o
       552         48          0          0          0       3478   stm32f4xx_hal_gpio.o
        72          4          0          0          0        882   stm32f4xx_hal_msp.o
      1888         94          0          0          0       6377   stm32f4xx_hal_rcc.o
      1118        106          0          0          0       7395   stm32f4xx_hal_tim.o
       184         30          0          0          0       2545   stm32f4xx_hal_tim_ex.o
       140         18          0          0         72       1507   stm32f4xx_hal_timebase_tim.o
      2274         14          0          0          0      11788   stm32f4xx_hal_uart.o
       164         36          0          0          0       8402   stm32f4xx_it.o
        20          6         24          4          0       1163   system_stm32f4xx.o
       148         20          0          0         72       1654   tim.o
       236         28          0          0         68       2296   usart.o
        68          8        512          0          0       1893   user_lib.o

    ----------------------------------------------------------------------
     40936       2586       2860       1056      28732    1199716   Object Totals
         0          0         32          0          0          0   (incl. Generated)
        46          0          0         14         20          0   (incl. Padding)

    ----------------------------------------------------------------------

      Code (inc. data)   RO Data    RW Data    ZI Data      Debug   Library Member Name

        86          0          0          0          0          0   __dczerorl2.o
        28          0          0          0          0         76   calloc.o
         0          0          0          0          0          0   entry.o
         0          0          0          0          0          0   entry10a.o
         0          0          0          0          0          0   entry11a.o
         8          4          0          0          0          0   entry2.o
         4          0          0          0          0          0   entry5.o
         0          0          0          0          0          0   entry7b.o
         0          0          0          0          0          0   entry8b.o
         8          4          0          0          0          0   entry9a.o
        30          0          0          0          0          0   handlers.o
        36          8          0          0          0         68   init.o
        30          0          0          0          0         68   llshl.o
        32          0          0          0          0         68   llushr.o
       188         20          0          0          0        160   malloc.o
        64          0          0          0          0         76   memmovea.o
        36          0          0          0          0        108   memseta.o
         0          0          0          8          0          0   mvars.o
       736         56          0          0          0        184   printf5.o
         0          0          0          4          0          0   stdout.o
        14          0          0          0          0         68   strlen.o
        98          0          0          0          0         92   uldiv.o

    ----------------------------------------------------------------------
      1400         92          0         12          0        968   Library Totals
         2          0          0          0          0          0   (incl. Padding)

    ----------------------------------------------------------------------

      Code (inc. data)   RO Data    RW Data    ZI Data      Debug   Library Name

      1398         92          0         12          0        968   mc_w.l

    ----------------------------------------------------------------------
      1400         92          0         12          0        968   Library Totals

    ----------------------------------------------------------------------

==============================================================================


      Code (inc. data)   RO Data    RW Data    ZI Data      Debug   

     42336       2678       2860       1068      28732    1171352   Grand Totals
     42336       2678       2860        308      28732    1171352   ELF Image Totals (compressed)
     42336       2678       2860        308          0          0   ROM Totals

==============================================================================

    Total RO  Size (Code + RO Data)                45196 (  44.14kB)
    Total RW  Size (RW Data + ZI Data)             29800 (  29.10kB)
    Total ROM Size (Code + RO Data + RW Data)      45504 (  44.44kB)

==============================================================================

